Archive member included to satisfy reference by file (symbol)

c:/nxp/mcuxpressoide_11.0.1_2563/ide/plugins/com.nxp.mcuxpresso.tools.win32_11.0.1.201907311258/tools/bin/../lib/gcc/arm-none-eabi/8.2.1/../../../../arm-none-eabi/lib/thumb/v7e-m+fp/hard\libcr_semihost_nf.a(_cr__main.o)
                              ./startup/startup_mkv31f25612.o (__main)
c:/nxp/mcuxpressoide_11.0.1_2563/ide/plugins/com.nxp.mcuxpresso.tools.win32_11.0.1.201907311258/tools/bin/../lib/gcc/arm-none-eabi/8.2.1/../../../../arm-none-eabi/lib/thumb/v7e-m+fp/hard\libcr_c.a(initio.o)
                              c:/nxp/mcuxpressoide_11.0.1_2563/ide/plugins/com.nxp.mcuxpresso.tools.win32_11.0.1.201907311258/tools/bin/../lib/gcc/arm-none-eabi/8.2.1/../../../../arm-none-eabi/lib/thumb/v7e-m+fp/hard\libcr_semihost_nf.a(_cr__main.o) (_initio)
c:/nxp/mcuxpressoide_11.0.1_2563/ide/plugins/com.nxp.mcuxpresso.tools.win32_11.0.1.201907311258/tools/bin/../lib/gcc/arm-none-eabi/8.2.1/../../../../arm-none-eabi/lib/thumb/v7e-m+fp/hard\libcr_c.a(printf.o)
                              ./source/Speed_Controller.o (_printf)
c:/nxp/mcuxpressoide_11.0.1_2563/ide/plugins/com.nxp.mcuxpresso.tools.win32_11.0.1.201907311258/tools/bin/../lib/gcc/arm-none-eabi/8.2.1/../../../../arm-none-eabi/lib/thumb/v7e-m+fp/hard\libcr_c.a(setvbuf.o)
                              c:/nxp/mcuxpressoide_11.0.1_2563/ide/plugins/com.nxp.mcuxpresso.tools.win32_11.0.1.201907311258/tools/bin/../lib/gcc/arm-none-eabi/8.2.1/../../../../arm-none-eabi/lib/thumb/v7e-m+fp/hard\libcr_c.a(initio.o) (setvbuf)
c:/nxp/mcuxpressoide_11.0.1_2563/ide/plugins/com.nxp.mcuxpresso.tools.win32_11.0.1.201907311258/tools/bin/../lib/gcc/arm-none-eabi/8.2.1/../../../../arm-none-eabi/lib/thumb/v7e-m+fp/hard\libcr_c.a(strlen.o)
                              c:/nxp/mcuxpressoide_11.0.1_2563/ide/plugins/com.nxp.mcuxpresso.tools.win32_11.0.1.201907311258/tools/bin/../lib/gcc/arm-none-eabi/8.2.1/../../../../arm-none-eabi/lib/thumb/v7e-m+fp/hard\libcr_c.a(printf.o) (strlen)
c:/nxp/mcuxpressoide_11.0.1_2563/ide/plugins/com.nxp.mcuxpresso.tools.win32_11.0.1.201907311258/tools/bin/../lib/gcc/arm-none-eabi/8.2.1/../../../../arm-none-eabi/lib/thumb/v7e-m+fp/hard\libcr_c.a(memset.o)
                              c:/nxp/mcuxpressoide_11.0.1_2563/ide/plugins/com.nxp.mcuxpresso.tools.win32_11.0.1.201907311258/tools/bin/../lib/gcc/arm-none-eabi/8.2.1/../../../../arm-none-eabi/lib/thumb/v7e-m+fp/hard\libcr_c.a(printf.o) (memset)
c:/nxp/mcuxpressoide_11.0.1_2563/ide/plugins/com.nxp.mcuxpresso.tools.win32_11.0.1.201907311258/tools/bin/../lib/gcc/arm-none-eabi/8.2.1/../../../../arm-none-eabi/lib/thumb/v7e-m+fp/hard\libcr_c.a(_deferredlazyseek.o)
                              c:/nxp/mcuxpressoide_11.0.1_2563/ide/plugins/com.nxp.mcuxpresso.tools.win32_11.0.1.201907311258/tools/bin/../lib/gcc/arm-none-eabi/8.2.1/../../../../arm-none-eabi/lib/thumb/v7e-m+fp/hard\libcr_c.a(printf.o) (__flsbuf)
c:/nxp/mcuxpressoide_11.0.1_2563/ide/plugins/com.nxp.mcuxpresso.tools.win32_11.0.1.201907311258/tools/bin/../lib/gcc/arm-none-eabi/8.2.1/../../../../arm-none-eabi/lib/thumb/v7e-m+fp/hard\libcr_c.a(_fdopen.o)
                              c:/nxp/mcuxpressoide_11.0.1_2563/ide/plugins/com.nxp.mcuxpresso.tools.win32_11.0.1.201907311258/tools/bin/../lib/gcc/arm-none-eabi/8.2.1/../../../../arm-none-eabi/lib/thumb/v7e-m+fp/hard\libcr_c.a(initio.o) (_fdopen)
c:/nxp/mcuxpressoide_11.0.1_2563/ide/plugins/com.nxp.mcuxpresso.tools.win32_11.0.1.201907311258/tools/bin/../lib/gcc/arm-none-eabi/8.2.1/../../../../arm-none-eabi/lib/thumb/v7e-m+fp/hard\libcr_c.a(_fflush.o)
                              c:/nxp/mcuxpressoide_11.0.1_2563/ide/plugins/com.nxp.mcuxpresso.tools.win32_11.0.1.201907311258/tools/bin/../lib/gcc/arm-none-eabi/8.2.1/../../../../arm-none-eabi/lib/thumb/v7e-m+fp/hard\libcr_c.a(_deferredlazyseek.o) (_fflush)
c:/nxp/mcuxpressoide_11.0.1_2563/ide/plugins/com.nxp.mcuxpresso.tools.win32_11.0.1.201907311258/tools/bin/../lib/gcc/arm-none-eabi/8.2.1/../../../../arm-none-eabi/lib/thumb/v7e-m+fp/hard\libcr_c.a(_writebuf.o)
                              c:/nxp/mcuxpressoide_11.0.1_2563/ide/plugins/com.nxp.mcuxpresso.tools.win32_11.0.1.201907311258/tools/bin/../lib/gcc/arm-none-eabi/8.2.1/../../../../arm-none-eabi/lib/thumb/v7e-m+fp/hard\libcr_c.a(_deferredlazyseek.o) (_Cwritebuf)
c:/nxp/mcuxpressoide_11.0.1_2563/ide/plugins/com.nxp.mcuxpresso.tools.win32_11.0.1.201907311258/tools/bin/../lib/gcc/arm-none-eabi/8.2.1/../../../../arm-none-eabi/lib/thumb/v7e-m+fp/hard\libcr_c.a(alloc.o)
                              c:/nxp/mcuxpressoide_11.0.1_2563/ide/plugins/com.nxp.mcuxpresso.tools.win32_11.0.1.201907311258/tools/bin/../lib/gcc/arm-none-eabi/8.2.1/../../../../arm-none-eabi/lib/thumb/v7e-m+fp/hard\libcr_c.a(printf.o) (malloc)
c:/nxp/mcuxpressoide_11.0.1_2563/ide/plugins/com.nxp.mcuxpresso.tools.win32_11.0.1.201907311258/tools/bin/../lib/gcc/arm-none-eabi/8.2.1/../../../../arm-none-eabi/lib/thumb/v7e-m+fp/hard\libcr_c.a(fclose.o)
[...]
Memory Configuration

Name             Origin             Length             Attributes
PROGRAM_FLASH    0x00000000         0x00040000         xr
SRAM_UPPER       0x20000000         0x00008000         xrw
SRAM_LOWER       0x1fffc000         0x00004000         xrw
*default*        0x00000000         0xffffffff

Linker script and memory map

LOAD ./startup/startup_mkv31f25612.o
LOAD ./source/Amplifier.o
LOAD ./source/Speed_Controller.o
LOAD ./source/semihost_hardfault.o
LOAD ./device/system_MKV31F25612.o
LOAD ./board/board.o
LOAD ./board/clock_config.o
LOAD ./board/peripherals.o
LOAD ./board/pin_mux.o
START GROUP
LOAD c:/nxp/mcuxpressoide_11.0.1_2563/ide/plugins/com.nxp.mcuxpresso.tools.win32_11.0.1.201907311258/tools/bin/../lib/gcc/arm-none-eabi/8.2.1/../../../../arm-none-eabi/lib/thumb/v7e-m+fp/hard\libcr_semihost_nf.a
LOAD c:/nxp/mcuxpressoide_11.0.1_2563/ide/plugins/com.nxp.mcuxpresso.tools.win32_11.0.1.201907311258/tools/bin/../lib/gcc/arm-none-eabi/8.2.1/../../../../arm-none-eabi/lib/thumb/v7e-m+fp/hard\libcr_c.a
LOAD c:/nxp/mcuxpressoide_11.0.1_2563/ide/plugins/com.nxp.mcuxpresso.tools.win32_11.0.1.201907311258/tools/bin/../lib/gcc/arm-none-eabi/8.2.1/thumb/v7e-m+fp/hard\libcr_eabihelpers.a
LOAD c:/nxp/mcuxpressoide_11.0.1_2563/ide/plugins/com.nxp.mcuxpresso.tools.win32_11.0.1.201907311258/tools/bin/../lib/gcc/arm-none-eabi/8.2.1/thumb/v7e-m+fp/hard\libgcc.a
END GROUP
                0x00000000                __base_PROGRAM_FLASH = 0x0
                0x00000000                __base_Flash = 0x0
                0x00040000                __top_PROGRAM_FLASH = 0x40000
                0x00040000                __top_Flash = 0x40000
                0x20000000                __base_SRAM_UPPER = 0x20000000
                0x20000000                __base_RAM = 0x20000000
                0x20008000                __top_SRAM_UPPER = 0x20008000
                0x20008000                __top_RAM = 0x20008000
                0x1fffc000                __base_SRAM_LOWER = 0x1fffc000
                0x1fffc000                __base_RAM2 = 0x1fffc000
                0x20000000                __top_SRAM_LOWER = 0x20000000
                0x20000000                __top_RAM2 = 0x20000000

.text           0x00000000     0x1e90
 FILL mask 0xff
                0x00000000                __vectors_start__ = ABSOLUTE (.)
 *(SORT_BY_ALIGNMENT(.isr_vector))
 .isr_vector    0x00000000      0x168 ./startup/startup_mkv31f25612.o
                0x00000000                g_pfnVectors
                0x00000000                __Vectors
                0x00000168                . = ALIGN (0x4)
                0x00000168                __section_table_start = .
                0x00000168                __data_section_table = .
                0x00000168        0x4 LONG 0x1e90 LOADADDR (.data)
                0x0000016c        0x4 LONG 0x20000000 ADDR (.data)
                0x00000170        0x4 LONG 0x4 SIZEOF (.data)
                0x00000174        0x4 LONG 0x1e90 LOADADDR (.data_RAM2)
                0x00000178        0x4 LONG 0x1fffc000 ADDR (.data_RAM2)
                0x0000017c        0x4 LONG 0x0 SIZEOF (.data_RAM2)
                0x00000180                __data_section_table_end = .
                0x00000180                __bss_section_table = .
                0x00000180        0x4 LONG 0x20000004 ADDR (.bss)
                0x00000184        0x4 LONG 0xc4 SIZEOF (.bss)
                0x00000188        0x4 LONG 0x1fffc000 ADDR (.bss_RAM2)
                0x0000018c        0x4 LONG 0x0 SIZEOF (.bss_RAM2)
                0x00000190                __bss_section_table_end = .
                0x00000190                __section_table_end = .
 *(SORT_BY_ALIGNMENT(.after_vectors*))
 .after_vectors.reset
                0x00000190       0x4c ./startup/startup_mkv31f25612.o
                0x00000190                ResetISR
 .after_vectors.init_data
                0x000001dc       0x1e ./startup/startup_mkv31f25612.o
                0x000001dc                data_init
 .after_vectors.init_bss
                0x000001fa       0x12 ./startup/startup_mkv31f25612.o
                0x000001fa                bss_init
 .after_vectors
                0x0000020c       0x14 ./startup/startup_mkv31f25612.o
                0x0000020c                NMI_Handler
                0x00000210                MemManage_Handler
                0x00000212                BusFault_Handler
                0x00000214                UsageFault_Handler
                0x00000216                SVC_Handler
                0x00000218                DebugMon_Handler
                0x0000021a                PendSV_Handler
                0x0000021c                SysTick_Handler
                0x0000021e                DMA_Error_DriverIRQHandler
                0x0000021e                LPTMR0_DriverIRQHandler
                0x0000021e                DMA12_DriverIRQHandler
                0x0000021e                FTM1_DriverIRQHandler
                0x0000021e                FTM2_DriverIRQHandler
                0x0000021e                PIT2_DriverIRQHandler
                0x0000021e                Reserved82_DriverIRQHandler
                0x0000021e                FTF_DriverIRQHandler
                0x0000021e                DMA6_DriverIRQHandler
                0x0000021e                LLWU_DriverIRQHandler
                0x0000021e                MCM_DriverIRQHandler
                0x0000021e                MCG_DriverIRQHandler
                0x0000021e                Reserved63_DriverIRQHandler
                0x0000021e                Reserved69_DriverIRQHandler
                0x0000021e                PORTB_DriverIRQHandler
                0x0000021e                CMP1_DriverIRQHandler
                0x0000021e                FTM0_DriverIRQHandler
                0x0000021e                IntDefaultHandler
                0x0000021e                PORTC_DriverIRQHandler
                0x0000021e                DMA11_DriverIRQHandler
                0x0000021e                DAC0_DriverIRQHandler
                0x0000021e                DMA10_DriverIRQHandler
                0x0000021e                DMA0_DriverIRQHandler
                0x0000021e                LVD_LVW_DriverIRQHandler
                0x0000021e                Reserved84_DriverIRQHandler
                0x0000021e                PIT0_DriverIRQHandler
                0x0000021e                RNG_DriverIRQHandler
                0x0000021e                DMA5_DriverIRQHandler
                0x0000021e                DMA4_DriverIRQHandler
                0x0000021e                UART2_RX_TX_DriverIRQHandler
                0x0000021e                DMA3_DriverIRQHandler
                0x0000021e                Reserved53_DriverIRQHandler
                0x0000021e                Reserved45_DriverIRQHandler
                0x0000021e                DMA8_DriverIRQHandler
                0x0000021e                DMA9_DriverIRQHandler
                0x0000021e                UART0_ERR_DriverIRQHandler
                0x0000021e                Reserved71_DriverIRQHandler
                0x0000021e                ADC1_DriverIRQHandler
                0x0000021e                PORTA_DriverIRQHandler
                0x0000021e                DMA14_DriverIRQHandler
                0x0000021e                PIT3_DriverIRQHandler
                0x0000021e                PIT1_DriverIRQHandler
                0x0000021e                WDOG_EWM_DriverIRQHandler
                0x0000021e                PDB0_DriverIRQHandler
                0x0000021e                Reserved83_DriverIRQHandler
                0x0000021e                Reserved61_DriverIRQHandler
                0x0000021e                Read_Collision_DriverIRQHandler
                0x0000021e                Reserved54_DriverIRQHandler
                0x0000021e                SWI_DriverIRQHandler
                0x0000021e                Reserved62_DriverIRQHandler
                0x0000021e                SPI1_DriverIRQHandler
                0x0000021e                UART2_ERR_DriverIRQHandler
                0x0000021e                DMA1_DriverIRQHandler
                0x0000021e                Reserved44_DriverIRQHandler
                0x0000021e                I2C1_DriverIRQHandler
                0x0000021e                DMA13_DriverIRQHandler
                0x0000021e                DMA15_DriverIRQHandler
                0x0000021e                LPUART0_DriverIRQHandler
                0x0000021e                Reserved85_DriverIRQHandler
                0x0000021e                Reserved81_DriverIRQHandler
                0x0000021e                UART0_RX_TX_DriverIRQHandler
                0x0000021e                SPI0_DriverIRQHandler
                0x0000021e                Reserved88_DriverIRQHandler
                0x0000021e                ADC0_DriverIRQHandler
                0x0000021e                CMP0_DriverIRQHandler
                0x0000021e                Reserved87_DriverIRQHandler
                0x0000021e                UART1_ERR_DriverIRQHandler
                0x0000021e                DMA2_DriverIRQHandler
                0x0000021e                PORTD_DriverIRQHandler
                0x0000021e                Reserved70_DriverIRQHandler
                0x0000021e                Reserved86_DriverIRQHandler
                0x0000021e                PORTE_DriverIRQHandler
                0x0000021e                I2C0_DriverIRQHandler
                0x0000021e                DMA7_DriverIRQHandler
                0x0000021e                UART1_RX_TX_DriverIRQHandler
                0x00000400                . = 0x400
 *fill*         0x00000220      0x1e0 ff
                0x00000400                PROVIDE (__FLASH_CONFIG_START__ = .)
 *(SORT_BY_ALIGNMENT(.FlashConfig))
 .FlashConfig   0x00000400       0x10 ./startup/startup_mkv31f25612.o
                0x00000400                Flash_Config
                0x00000410                PROVIDE (__FLASH_CONFIG_END__ = .)
                0x00000001                ASSERT (! ((__FLASH_CONFIG_START__ == __FLASH_CONFIG_END__)), Linker Flash Config Support Enabled, but no .FlashConfig section provided within application)
 *(SORT_BY_ALIGNMENT(.text*))
 .text.main     0x00000410       0x2c ./source/Speed_Controller.o
                0x00000410                main
 .text.SystemInit
                0x0000043c       0x3c ./device/system_MKV31F25612.o
                0x0000043c                SystemInit
 .text.SystemCoreClockUpdate
                0x00000478      0x26c ./device/system_MKV31F25612.o
                0x00000478                SystemCoreClockUpdate
 .text._initio  0x000006e4       0x78 c:/nxp/mcuxpressoide_11.0.1_2563/ide/plugins/com.nxp.mcuxpresso.tools.win32_11.0.1.201907311258/tools/bin/../lib/gcc/arm-none-eabi/8.2.1/../../../../arm-none-eabi/lib/thumb/v7e-m+fp/hard\libcr_c.a(initio.o)
                0x000006e4                _initio
 .text.__vfprintf
                0x0000075c      0xbe0 c:/nxp/mcuxpressoide_11.0.1_2563/ide/plugins/com.nxp.mcuxpresso.tools.win32_11.0.1.201907311258/tools/bin/../lib/gcc/arm-none-eabi/8.2.1/../../../../arm-none-eabi/lib/thumb/v7e-m+fp/hard\libcr_c.a(printf.o)
                0x0000075c                __vfprintf
 .text._vsnprintf
                0x0000133c       0x68 c:/nxp/mcuxpressoide_11.0.1_2563/ide/plugins/com.nxp.mcuxpresso.tools.win32_11.0.1.201907311258/tools/bin/../lib/gcc/arm-none-eabi/8.2.1/../../../../arm-none-eabi/lib/thumb/v7e-m+fp/hard\libcr_c.a(printf.o)
                0x0000133c                _vsnprintf
 .text._printf  0x000013a4       0x54 c:/nxp/mcuxpressoide_11.0.1_2563/ide/plugins/com.nxp.mcuxpresso.tools.win32_11.0.1.201907311258/tools/bin/../lib/gcc/arm-none-eabi/8.2.1/../../../../arm-none-eabi/lib/thumb/v7e-m+fp/hard\libcr_c.a(printf.o)
                0x000013a4                _printf
 .text.setvbuf  0x000013f8       0x40 c:/nxp/mcuxpressoide_11.0.1_2563/ide/plugins/com.nxp.mcuxpresso.tools.win32_11.0.1.201907311258/tools/bin/../lib/gcc/arm-none-eabi/8.2.1/../../../../arm-none-eabi/lib/thumb/v7e-m+fp/hard\libcr_c.a(setvbuf.o)
                0x000013f8                setvbuf
 .text._Cwritebuf
                0x00001438       0x6c c:/nxp/mcuxpressoide_11.0.1_2563/ide/plugins/com.nxp.mcuxpresso.tools.win32_11.0.1.201907311258/tools/bin/../lib/gcc/arm-none-eabi/8.2.1/../../../../arm-none-eabi/lib/thumb/v7e-m+fp/hard\libcr_c.a(_writebuf.o)
                0x00001438                _Cwritebuf
 .text.malloc   0x000014a4       0xc8 c:/nxp/mcuxpressoide_11.0.1_2563/ide/plugins/com.nxp.mcuxpresso.tools.win32_11.0.1.201907311258/tools/bin/../lib/gcc/arm-none-eabi/8.2.1/../../../../arm-none-eabi/lib/thumb/v7e-m+fp/hard\libcr_c.a(alloc.o)
                0x000014a4                malloc
 .text._Csys_alloc
                0x0000156c       0x20 c:/nxp/mcuxpressoide_11.0.1_2563/ide/plugins/com.nxp.mcuxpresso.tools.win32_11.0.1.201907311258/tools/bin/../lib/gcc/arm-none-eabi/8.2.1/../../../../arm-none-eabi/lib/thumb/v7e-m+fp/hard\libcr_c.a(alloc.o)
                0x0000156c                _Csys_alloc
 .text.fflush   0x0000158c       0x44 c:/nxp/mcuxpressoide_11.0.1_2563/ide/plugins/com.nxp.mcuxpresso.tools.win32_11.0.1.201907311258/tools/bin/../lib/gcc/arm-none-eabi/8.2.1/../../../../arm-none-eabi/lib/thumb/v7e-m+fp/hard\libcr_c.a(fflush.o)
                0x0000158c                fflush
 .text.fseek    0x000015d0      0x100 c:/nxp/mcuxpressoide_11.0.1_2563/ide/plugins/com.nxp.mcuxpresso.tools.win32_11.0.1.201907311258/tools/bin/../lib/gcc/arm-none-eabi/8.2.1/../../../../arm-none-eabi/lib/thumb/v7e-m+fp/hard\libcr_c.a(fseek.o)
                0x000015d0                fseek
 .text.ftell    0x000016d0       0x48 c:/nxp/mcuxpressoide_11.0.1_2563/ide/plugins/com.nxp.mcuxpresso.tools.win32_11.0.1.201907311258/tools/bin/../lib/gcc/arm-none-eabi/8.2.1/../../../../arm-none-eabi/lib/thumb/v7e-m+fp/hard\libcr_c.a(ftell.o)
                0x000016d0                ftell
 .text._sbrk    0x00001718       0x3c c:/nxp/mcuxpressoide_11.0.1_2563/ide/plugins/com.nxp.mcuxpresso.tools.win32_11.0.1.201907311258/tools/bin/../lib/gcc/arm-none-eabi/8.2.1/../../../../arm-none-eabi/lib/thumb/v7e-m+fp/hard\libcr_c.a(_cr_sbrk.o)
                0x00001718                _sbrk
 .text.__check_heap_overflow
                0x00001754       0x18 c:/nxp/mcuxpressoide_11.0.1_2563/ide/plugins/com.nxp.mcuxpresso.tools.win32_11.0.1.201907311258/tools/bin/../lib/gcc/arm-none-eabi/8.2.1/../../../../arm-none-eabi/lib/thumb/v7e-m+fp/hard\libcr_c.a(_cr_check_heap.o)
                0x00001754                __check_heap_overflow
 .text.__sys_appexit
                0x0000176c        0xc c:/nxp/mcuxpressoide_11.0.1_2563/ide/plugins/com.nxp.mcuxpresso.tools.win32_11.0.1.201907311258/tools/bin/../lib/gcc/arm-none-eabi/8.2.1/../../../../arm-none-eabi/lib/thumb/v7e-m+fp/hard\libcr_semihost_nf.a(__sys_appexit.o)
                0x0000176c                __sys_appexit
                0x0000176c                __exit
 .text.DMA0_IRQHandler
                0x00001778        0x8 ./startup/startup_mkv31f25612.o
                0x00001778                DMA0_IRQHandler
 .text.DMA1_IRQHandler
                0x00001780        0x8 ./startup/startup_mkv31f25612.o
                0x00001780                DMA1_IRQHandler
 .text.DMA2_IRQHandler
                0x00001788        0x8 ./startup/startup_mkv31f25612.o
                0x00001788                DMA2_IRQHandler
 .text.DMA3_IRQHandler
                0x00001790        0x8 ./startup/startup_mkv31f25612.o
                0x00001790                DMA3_IRQHandler
 .text.DMA4_IRQHandler
                0x00001798        0x8 ./startup/startup_mkv31f25612.o
                0x00001798                DMA4_IRQHandler
 .text.DMA5_IRQHandler
                0x000017a0        0x8 ./startup/startup_mkv31f25612.o
                0x000017a0                DMA5_IRQHandler
 .text.DMA6_IRQHandler
                0x000017a8        0x8 ./startup/startup_mkv31f25612.o
                0x000017a8                DMA6_IRQHandler
 .text.DMA7_IRQHandler
                0x000017b0        0x8 ./startup/startup_mkv31f25612.o
                0x000017b0                DMA7_IRQHandler
 .text.DMA8_IRQHandler
                0x000017b8        0x8 ./startup/startup_mkv31f25612.o
                0x000017b8                DMA8_IRQHandler
 .text.DMA9_IRQHandler
                0x000017c0        0x8 ./startup/startup_mkv31f25612.o
                0x000017c0                DMA9_IRQHandler
 .text.DMA10_IRQHandler
                0x000017c8        0x8 ./startup/startup_mkv31f25612.o
                0x000017c8                DMA10_IRQHandler
 .text.DMA11_IRQHandler
                0x000017d0        0x8 ./startup/startup_mkv31f25612.o
                0x000017d0                DMA11_IRQHandler
 .text.DMA12_IRQHandler
                0x000017d8        0x8 ./startup/startup_mkv31f25612.o
                0x000017d8                DMA12_IRQHandler
 .text.DMA13_IRQHandler
                0x000017e0        0x8 ./startup/startup_mkv31f25612.o
                0x000017e0                DMA13_IRQHandler
 .text.DMA14_IRQHandler
                0x000017e8        0x8 ./startup/startup_mkv31f25612.o
                0x000017e8                DMA14_IRQHandler
 .text.DMA15_IRQHandler
                0x000017f0        0x8 ./startup/startup_mkv31f25612.o
                0x000017f0                DMA15_IRQHandler
 .text.DMA_Error_IRQHandler
                0x000017f8        0x8 ./startup/startup_mkv31f25612.o
                0x000017f8                DMA_Error_IRQHandler
 .text.MCM_IRQHandler
                0x00001800        0x8 ./startup/startup_mkv31f25612.o
                0x00001800                MCM_IRQHandler
 .text.FTF_IRQHandler
                0x00001808        0x8 ./startup/startup_mkv31f25612.o
                0x00001808                FTF_IRQHandler
 .text.Read_Collision_IRQHandler
                0x00001810        0x8 ./startup/startup_mkv31f25612.o
                0x00001810                Read_Collision_IRQHandler
 .text.LVD_LVW_IRQHandler
                0x00001818        0x8 ./startup/startup_mkv31f25612.o
                0x00001818                LVD_LVW_IRQHandler
 .text.LLWU_IRQHandler
                0x00001820        0x8 ./startup/startup_mkv31f25612.o
                0x00001820                LLWU_IRQHandler
 .text.WDOG_EWM_IRQHandler
                0x00001828        0x8 ./startup/startup_mkv31f25612.o
                0x00001828                WDOG_EWM_IRQHandler
 .text.RNG_IRQHandler
                0x00001830        0x8 ./startup/startup_mkv31f25612.o
                0x00001830                RNG_IRQHandler
 .text.I2C0_IRQHandler
                0x00001838        0x8 ./startup/startup_mkv31f25612.o
                0x00001838                I2C0_IRQHandler
 .text.I2C1_IRQHandler
                0x00001840        0x8 ./startup/startup_mkv31f25612.o
                0x00001840                I2C1_IRQHandler
 .text.SPI0_IRQHandler
                0x00001848        0x8 ./startup/startup_mkv31f25612.o
                0x00001848                SPI0_IRQHandler
 .text.SPI1_IRQHandler
                0x00001850        0x8 ./startup/startup_mkv31f25612.o
                0x00001850                SPI1_IRQHandler
 .text.Reserved44_IRQHandler
                0x00001858        0x8 ./startup/startup_mkv31f25612.o
                0x00001858                Reserved44_IRQHandler
 .text.Reserved45_IRQHandler
                0x00001860        0x8 ./startup/startup_mkv31f25612.o
                0x00001860                Reserved45_IRQHandler
 .text.LPUART0_IRQHandler
                0x00001868        0x8 ./startup/startup_mkv31f25612.o
                0x00001868                LPUART0_IRQHandler
 .text.UART0_RX_TX_IRQHandler
                0x00001870        0x8 ./startup/startup_mkv31f25612.o
                0x00001870                UART0_RX_TX_IRQHandler
 .text.UART0_ERR_IRQHandler
                0x00001878        0x8 ./startup/startup_mkv31f25612.o
                0x00001878                UART0_ERR_IRQHandler
 .text.UART1_RX_TX_IRQHandler
                0x00001880        0x8 ./startup/startup_mkv31f25612.o
                0x00001880                UART1_RX_TX_IRQHandler
 .text.UART1_ERR_IRQHandler
                0x00001888        0x8 ./startup/startup_mkv31f25612.o
                0x00001888                UART1_ERR_IRQHandler
 .text.UART2_RX_TX_IRQHandler
                0x00001890        0x8 ./startup/startup_mkv31f25612.o
                0x00001890                UART2_RX_TX_IRQHandler
 .text.UART2_ERR_IRQHandler
                0x00001898        0x8 ./startup/startup_mkv31f25612.o
                0x00001898                UART2_ERR_IRQHandler
 .text.Reserved53_IRQHandler
                0x000018a0        0x8 ./startup/startup_mkv31f25612.o
                0x000018a0                Reserved53_IRQHandler
 .text.Reserved54_IRQHandler
                0x000018a8        0x8 ./startup/startup_mkv31f25612.o
                0x000018a8                Reserved54_IRQHandler
 .text.ADC0_IRQHandler
                0x000018b0        0x8 ./startup/startup_mkv31f25612.o
                0x000018b0                ADC0_IRQHandler
 .text.CMP0_IRQHandler
                0x000018b8        0x8 ./startup/startup_mkv31f25612.o
                0x000018b8                CMP0_IRQHandler
 .text.CMP1_IRQHandler
                0x000018c0        0x8 ./startup/startup_mkv31f25612.o
                0x000018c0                CMP1_IRQHandler
 .text.FTM0_IRQHandler
                0x000018c8        0x8 ./startup/startup_mkv31f25612.o
                0x000018c8                FTM0_IRQHandler
 .text.FTM1_IRQHandler
                0x000018d0        0x8 ./startup/startup_mkv31f25612.o
                0x000018d0                FTM1_IRQHandler
 .text.FTM2_IRQHandler
                0x000018d8        0x8 ./startup/startup_mkv31f25612.o
                0x000018d8                FTM2_IRQHandler
 .text.Reserved61_IRQHandler
                0x000018e0        0x8 ./startup/startup_mkv31f25612.o
                0x000018e0                Reserved61_IRQHandler
 .text.Reserved62_IRQHandler
                0x000018e8        0x8 ./startup/startup_mkv31f25612.o
                0x000018e8                Reserved62_IRQHandler
 .text.Reserved63_IRQHandler
                0x000018f0        0x8 ./startup/startup_mkv31f25612.o
                0x000018f0                Reserved63_IRQHandler
 .text.PIT0_IRQHandler
                0x000018f8        0x8 ./startup/startup_mkv31f25612.o
                0x000018f8                PIT0_IRQHandler
 .text.PIT1_IRQHandler
                0x00001900        0x8 ./startup/startup_mkv31f25612.o
                0x00001900                PIT1_IRQHandler
 .text.PIT2_IRQHandler
                0x00001908        0x8 ./startup/startup_mkv31f25612.o
                0x00001908                PIT2_IRQHandler
 .text.PIT3_IRQHandler
                0x00001910        0x8 ./startup/startup_mkv31f25612.o
                0x00001910                PIT3_IRQHandler
 .text.PDB0_IRQHandler
                0x00001918        0x8 ./startup/startup_mkv31f25612.o
                0x00001918                PDB0_IRQHandler
 .text.Reserved69_IRQHandler
                0x00001920        0x8 ./startup/startup_mkv31f25612.o
                0x00001920                Reserved69_IRQHandler
 .text.Reserved70_IRQHandler
                0x00001928        0x8 ./startup/startup_mkv31f25612.o
                0x00001928                Reserved70_IRQHandler
 .text.Reserved71_IRQHandler
                0x00001930        0x8 ./startup/startup_mkv31f25612.o
                0x00001930                Reserved71_IRQHandler
 .text.DAC0_IRQHandler
                0x00001938        0x8 ./startup/startup_mkv31f25612.o
                0x00001938                DAC0_IRQHandler
 .text.MCG_IRQHandler
                0x00001940        0x8 ./startup/startup_mkv31f25612.o
                0x00001940                MCG_IRQHandler
 .text.LPTMR0_IRQHandler
                0x00001948        0x8 ./startup/startup_mkv31f25612.o
                0x00001948                LPTMR0_IRQHandler
 .text.PORTA_IRQHandler
                0x00001950        0x8 ./startup/startup_mkv31f25612.o
                0x00001950                PORTA_IRQHandler
 .text.PORTB_IRQHandler
                0x00001958        0x8 ./startup/startup_mkv31f25612.o
                0x00001958                PORTB_IRQHandler
 .text.PORTC_IRQHandler
                0x00001960        0x8 ./startup/startup_mkv31f25612.o
                0x00001960                PORTC_IRQHandler
 .text.PORTD_IRQHandler
                0x00001968        0x8 ./startup/startup_mkv31f25612.o
                0x00001968                PORTD_IRQHandler
 .text.PORTE_IRQHandler
                0x00001970        0x8 ./startup/startup_mkv31f25612.o
                0x00001970                PORTE_IRQHandler
 .text.SWI_IRQHandler
                0x00001978        0x8 ./startup/startup_mkv31f25612.o
                0x00001978                SWI_IRQHandler
 .text.Reserved81_IRQHandler
                0x00001980        0x8 ./startup/startup_mkv31f25612.o
                0x00001980                Reserved81_IRQHandler
 .text.Reserved82_IRQHandler
                0x00001988        0x8 ./startup/startup_mkv31f25612.o
                0x00001988                Reserved82_IRQHandler
 .text.Reserved83_IRQHandler
                0x00001990        0x8 ./startup/startup_mkv31f25612.o
                0x00001990                Reserved83_IRQHandler
 .text.Reserved84_IRQHandler
                0x00001998        0x8 ./startup/startup_mkv31f25612.o
                0x00001998                Reserved84_IRQHandler
 .text.Reserved85_IRQHandler
                0x000019a0        0x8 ./startup/startup_mkv31f25612.o
                0x000019a0                Reserved85_IRQHandler
 .text.Reserved86_IRQHandler
                0x000019a8        0x8 ./startup/startup_mkv31f25612.o
                0x000019a8                Reserved86_IRQHandler
 .text.Reserved87_IRQHandler
                0x000019b0        0x8 ./startup/startup_mkv31f25612.o
                0x000019b0                Reserved87_IRQHandler
 .text.Reserved88_IRQHandler
                0x000019b8        0x8 ./startup/startup_mkv31f25612.o
                0x000019b8                Reserved88_IRQHandler
 .text.ADC1_IRQHandler
                0x000019c0        0x8 ./startup/startup_mkv31f25612.o
                0x000019c0                ADC1_IRQHandler
 .text.HardFault_Handler
                0x000019c8       0x2c ./source/semihost_hardfault.o
                0x000019c8                HardFault_Handler
 .text.SystemInitHook
                0x000019f4        0xe ./device/system_MKV31F25612.o
                0x000019f4                SystemInitHook
 .text.BOARD_InitBootClocks
                0x00001a02        0xc ./board/clock_config.o
                0x00001a02                BOARD_InitBootClocks
 .text.BOARD_InitBootPeripherals
                0x00001a0e        0xe ./board/peripherals.o
                0x00001a0e                BOARD_InitBootPeripherals
 .text.BOARD_InitBootPins
                0x00001a1c        0xe ./board/pin_mux.o
                0x00001a1c                BOARD_InitBootPins
 .text.__main   0x00001a2a        0xe c:/nxp/mcuxpressoide_11.0.1_2563/ide/plugins/com.nxp.mcuxpresso.tools.win32_11.0.1.201907311258/tools/bin/../lib/gcc/arm-none-eabi/8.2.1/../../../../arm-none-eabi/lib/thumb/v7e-m+fp/hard\libcr_semihost_nf.a(_cr__main.o)
                0x00001a2a                __CR_SEMIHOST
                0x00001a2a                __main
 .text.no_fp_display
                0x00001a38        0x4 c:/nxp/mcuxpressoide_11.0.1_2563/ide/plugins/com.nxp.mcuxpresso.tools.win32_11.0.1.201907311258/tools/bin/../lib/gcc/arm-none-eabi/8.2.1/../../../../arm-none-eabi/lib/thumb/v7e-m+fp/hard\libcr_c.a(printf.o)
 .text.strlen   0x00001a3c       0x4c c:/nxp/mcuxpressoide_11.0.1_2563/ide/plugins/com.nxp.mcuxpresso.tools.win32_11.0.1.201907311258/tools/bin/../lib/gcc/arm-none-eabi/8.2.1/../../../../arm-none-eabi/lib/thumb/v7e-m+fp/hard\libcr_c.a(strlen.o)
                0x00001a3c                strlen
 .text.memset   0x00001a88        0x4 c:/nxp/mcuxpressoide_11.0.1_2563/ide/plugins/com.nxp.mcuxpresso.tools.win32_11.0.1.201907311258/tools/bin/../lib/gcc/arm-none-eabi/8.2.1/../../../../arm-none-eabi/lib/thumb/v7e-m+fp/hard\libcr_c.a(memset.o)
                0x00001a88                memset
 .text._deferredlazyseek
                0x00001a8c       0x40 c:/nxp/mcuxpressoide_11.0.1_2563/ide/plugins/com.nxp.mcuxpresso.tools.win32_11.0.1.201907311258/tools/bin/../lib/gcc/arm-none-eabi/8.2.1/../../../../arm-none-eabi/lib/thumb/v7e-m+fp/hard\libcr_c.a(_deferredlazyseek.o)
                0x00001a8c                _deferredlazyseek
 .text.__flsbuf
                0x00001acc      0x140 c:/nxp/mcuxpressoide_11.0.1_2563/ide/plugins/com.nxp.mcuxpresso.tools.win32_11.0.1.201907311258/tools/bin/../lib/gcc/arm-none-eabi/8.2.1/../../../../arm-none-eabi/lib/thumb/v7e-m+fp/hard\libcr_c.a(_deferredlazyseek.o)
                0x00001acc                __flsbuf
 .text._fdopen  0x00001c0c       0x68 c:/nxp/mcuxpressoide_11.0.1_2563/ide/plugins/com.nxp.mcuxpresso.tools.win32_11.0.1.201907311258/tools/bin/../lib/gcc/arm-none-eabi/8.2.1/../../../../arm-none-eabi/lib/thumb/v7e-m+fp/hard\libcr_c.a(_fdopen.o)
                0x00001c0c                _fdopen
 .text._fflush  0x00001c74       0x52 c:/nxp/mcuxpressoide_11.0.1_2563/ide/plugins/com.nxp.mcuxpresso.tools.win32_11.0.1.201907311258/tools/bin/../lib/gcc/arm-none-eabi/8.2.1/../../../../arm-none-eabi/lib/thumb/v7e-m+fp/hard\libcr_c.a(_fflush.o)
                0x00001c74                _fflush
 .text.free     0x00001cc6       0x30 c:/nxp/mcuxpressoide_11.0.1_2563/ide/plugins/com.nxp.mcuxpresso.tools.win32_11.0.1.201907311258/tools/bin/../lib/gcc/arm-none-eabi/8.2.1/../../../../arm-none-eabi/lib/thumb/v7e-m+fp/hard\libcr_c.a(alloc.o)
                0x00001cc6                free
 .text.fclose   0x00001cf6       0x58 c:/nxp/mcuxpressoide_11.0.1_2563/ide/plugins/com.nxp.mcuxpresso.tools.win32_11.0.1.201907311258/tools/bin/../lib/gcc/arm-none-eabi/8.2.1/../../../../arm-none-eabi/lib/thumb/v7e-m+fp/hard\libcr_c.a(fclose.o)
                0x00001cf6                fclose
 .text.remove   0x00001d4e       0x14 c:/nxp/mcuxpressoide_11.0.1_2563/ide/plugins/com.nxp.mcuxpresso.tools.win32_11.0.1.201907311258/tools/bin/../lib/gcc/arm-none-eabi/8.2.1/../../../../arm-none-eabi/lib/thumb/v7e-m+fp/hard\libcr_c.a(remove.o)
                0x00001d4e                remove
 .text._do_fflush
                0x00001d62       0x40 c:/nxp/mcuxpressoide_11.0.1_2563/ide/plugins/com.nxp.mcuxpresso.tools.win32_11.0.1.201907311258/tools/bin/../lib/gcc/arm-none-eabi/8.2.1/../../../../arm-none-eabi/lib/thumb/v7e-m+fp/hard\libcr_c.a(_do_fflush.o)
                0x00001d62                _do_fflush
 .text.__aeabi_memset_lowlevel
                0x00001da2       0x32 c:/nxp/mcuxpressoide_11.0.1_2563/ide/plugins/com.nxp.mcuxpresso.tools.win32_11.0.1.201907311258/tools/bin/../lib/gcc/arm-none-eabi/8.2.1/thumb/v7e-m+fp/hard\libcr_eabihelpers.a(memcpy.o)
                0x00001da2                __aeabi_lowlevel_memset
 .text.__sys_close
                0x00001dd4        0xc c:/nxp/mcuxpressoide_11.0.1_2563/ide/plugins/com.nxp.mcuxpresso.tools.win32_11.0.1.201907311258/tools/bin/../lib/gcc/arm-none-eabi/8.2.1/../../../../arm-none-eabi/lib/thumb/v7e-m+fp/hard\libcr_semihost_nf.a(__sys_close.o)
                0x00001dd4                __sys_close
 .text.__sys_flen
                0x00001de0        0xc c:/nxp/mcuxpressoide_11.0.1_2563/ide/plugins/com.nxp.mcuxpresso.tools.win32_11.0.1.201907311258/tools/bin/../lib/gcc/arm-none-eabi/8.2.1/../../../../arm-none-eabi/lib/thumb/v7e-m+fp/hard\libcr_semihost_nf.a(__sys_flen.o)
                0x00001de0                __sys_flen
 .text.__sys_istty
                0x00001dec        0xc c:/nxp/mcuxpressoide_11.0.1_2563/ide/plugins/com.nxp.mcuxpresso.tools.win32_11.0.1.201907311258/tools/bin/../lib/gcc/arm-none-eabi/8.2.1/../../../../arm-none-eabi/lib/thumb/v7e-m+fp/hard\libcr_semihost_nf.a(__sys_istty.o)
                0x00001dec                __sys_istty
 .text.__sys_remove
                0x00001df8        0xc c:/nxp/mcuxpressoide_11.0.1_2563/ide/plugins/com.nxp.mcuxpresso.tools.win32_11.0.1.201907311258/tools/bin/../lib/gcc/arm-none-eabi/8.2.1/../../../../arm-none-eabi/lib/thumb/v7e-m+fp/hard\libcr_semihost_nf.a(__sys_remove.o)
                0x00001df8                __sys_remove
 .text.__sys_seek
                0x00001e04        0xc c:/nxp/mcuxpressoide_11.0.1_2563/ide/plugins/com.nxp.mcuxpresso.tools.win32_11.0.1.201907311258/tools/bin/../lib/gcc/arm-none-eabi/8.2.1/../../../../arm-none-eabi/lib/thumb/v7e-m+fp/hard\libcr_semihost_nf.a(__sys_seek.o)
                0x00001e04                __sys_seek
 .text.__sys_tmpnam
                0x00001e10        0xc c:/nxp/mcuxpressoide_11.0.1_2563/ide/plugins/com.nxp.mcuxpresso.tools.win32_11.0.1.201907311258/tools/bin/../lib/gcc/arm-none-eabi/8.2.1/../../../../arm-none-eabi/lib/thumb/v7e-m+fp/hard\libcr_semihost_nf.a(__sys_tmpnam.o)
                0x00001e10                __sys_tmpnam
 .text.__sys_write
                0x00001e1c        0xc c:/nxp/mcuxpressoide_11.0.1_2563/ide/plugins/com.nxp.mcuxpresso.tools.win32_11.0.1.201907311258/tools/bin/../lib/gcc/arm-none-eabi/8.2.1/../../../../arm-none-eabi/lib/thumb/v7e-m+fp/hard\libcr_semihost_nf.a(__sys_write.o)
                0x00001e1c                __sys_write
 *(SORT_BY_ALIGNMENT(.rodata) SORT_BY_ALIGNMENT(.rodata.*) SORT_BY_ALIGNMENT(.constdata) SORT_BY_ALIGNMENT(.constdata.*))
 .rodata        0x00001e28        0xd ./source/Speed_Controller.o
 *fill*         0x00001e35        0x3 ff
 .rodata.__num_Ciob_streams
                0x00001e38        0x4 c:/nxp/mcuxpressoide_11.0.1_2563/ide/plugins/com.nxp.mcuxpresso.tools.win32_11.0.1.201907311258/tools/bin/../lib/gcc/arm-none-eabi/8.2.1/../../../../arm-none-eabi/lib/thumb/v7e-m+fp/hard\libcr_semihost_nf.a(__ciob.o)
                0x00001e38                __num_Ciob_streams
 .rodata._initio.str1.1
                0x00001e3c        0x4 c:/nxp/mcuxpressoide_11.0.1_2563/ide/plugins/com.nxp.mcuxpresso.tools.win32_11.0.1.201907311258/tools/bin/../lib/gcc/arm-none-eabi/8.2.1/../../../../arm-none-eabi/lib/thumb/v7e-m+fp/hard\libcr_c.a(initio.o)
 .rodata.__vfprintf.str1.1
                0x00001e40       0x37 c:/nxp/mcuxpressoide_11.0.1_2563/ide/plugins/com.nxp.mcuxpresso.tools.win32_11.0.1.201907311258/tools/bin/../lib/gcc/arm-none-eabi/8.2.1/../../../../arm-none-eabi/lib/thumb/v7e-m+fp/hard\libcr_c.a(printf.o)
                                 0x38 (size before relaxing)
 .rodata._Csys_alloc.str1.1
                0x00001e77       0x18 c:/nxp/mcuxpressoide_11.0.1_2563/ide/plugins/com.nxp.mcuxpresso.tools.win32_11.0.1.201907311258/tools/bin/../lib/gcc/arm-none-eabi/8.2.1/../../../../arm-none-eabi/lib/thumb/v7e-m+fp/hard\libcr_c.a(alloc.o)
                0x00001e90                . = ALIGN (0x4)
 *fill*         0x00001e8f        0x1 ff

.glue_7         0x00001e90        0x0
 .glue_7        0x00001e90        0x0 linker stubs

.glue_7t        0x00001e90        0x0
 .glue_7t       0x00001e90        0x0 linker stubs

.vfp11_veneer   0x00001e90        0x0
 .vfp11_veneer  0x00001e90        0x0 linker stubs

.v4_bx          0x00001e90        0x0
 .v4_bx         0x00001e90        0x0 linker stubs

.iplt           0x00001e90        0x0
 .iplt          0x00001e90        0x0 ./startup/startup_mkv31f25612.o

.rel.dyn        0x00001e90        0x0
 .rel.iplt      0x00001e90        0x0 ./startup/startup_mkv31f25612.o

.ARM.extab
 *(SORT_BY_ALIGNMENT(.ARM.extab*) SORT_BY_ALIGNMENT(.gnu.linkonce.armextab.*))
                0x00001e90                __exidx_start = .

.ARM.exidx
 *(SORT_BY_ALIGNMENT(.ARM.exidx*) SORT_BY_ALIGNMENT(.gnu.linkonce.armexidx.*))
                0x00001e90                __exidx_end = .
                0x00001e90                _etext = .

.data_RAM2      0x1fffc000        0x0 load address 0x00001e90
 FILL mask 0xff
                [!provide]                PROVIDE (__start_data_RAM2 = .)
 *(SORT_BY_ALIGNMENT(.ramfunc.$RAM2))
 *(SORT_BY_ALIGNMENT(.ramfunc.$SRAM_LOWER))
 *(SORT_BY_ALIGNMENT(.data.$RAM2))
 *(SORT_BY_ALIGNMENT(.data.$SRAM_LOWER))
 *(SORT_BY_ALIGNMENT(.data.$RAM2.*))
 *(SORT_BY_ALIGNMENT(.data.$SRAM_LOWER.*))
                0x1fffc000                . = ALIGN (0x4)
                [!provide]                PROVIDE (__end_data_RAM2 = .)

.uninit_RESERVED
                0x20000000        0x0
                0x20000000                . = ALIGN (0x4)
 *(SORT_BY_ALIGNMENT(.bss.$RESERVED*))
                0x20000000                . = ALIGN (0x4)
                0x20000000                _end_uninit_RESERVED = .

.data           0x20000000        0x4 load address 0x00001e90
 FILL mask 0xff
                0x20000000                _data = .
 *(SORT_BY_ALIGNMENT(vtable))
 *(SORT_BY_ALIGNMENT(.ramfunc*))
 *(SORT_BY_ALIGNMENT(CodeQuickAccess))
 *(SORT_BY_ALIGNMENT(DataQuickAccess))
 *(SORT_BY_ALIGNMENT(RamFunction))
 *(SORT_BY_ALIGNMENT(.data*))
 .data.SystemCoreClock
                0x20000000        0x4 ./device/system_MKV31F25612.o
                0x20000000                SystemCoreClock
                0x20000004                . = ALIGN (0x4)
                0x20000004                _edata = .

.igot.plt       0x20000004        0x0 load address 0x00001e94
 .igot.plt      0x20000004        0x0 ./startup/startup_mkv31f25612.o

.bss_RAM2       0x1fffc000        0x0
                0x1fffc000                . = ALIGN (0x4)
                [!provide]                PROVIDE (__start_bss_RAM2 = .)
 *(SORT_BY_ALIGNMENT(.bss.$RAM2))
 *(SORT_BY_ALIGNMENT(.bss.$SRAM_LOWER))
 *(SORT_BY_ALIGNMENT(.bss.$RAM2.*))
 *(SORT_BY_ALIGNMENT(.bss.$SRAM_LOWER.*))
                0x1fffc000                . = ALIGN ((. != 0x0)?0x4:0x1)
                [!provide]                PROVIDE (__end_bss_RAM2 = .)

.bss            0x20000004       0xc4
                0x20000004                . = ALIGN (0x4)
                0x20000004                _bss = .
 *(SORT_BY_ALIGNMENT(.bss*))
 .bss.i.6797    0x20000004        0x4 ./source/Speed_Controller.o
 .bss.__end_of_heap
                0x20000008        0x4 c:/nxp/mcuxpressoide_11.0.1_2563/ide/plugins/com.nxp.mcuxpresso.tools.win32_11.0.1.201907311258/tools/bin/../lib/gcc/arm-none-eabi/8.2.1/../../../../arm-none-eabi/lib/thumb/v7e-m+fp/hard\libcr_c.a(__init_alloc.o)
                0x20000008                __end_of_heap
 .bss.__heaps   0x2000000c        0x4 c:/nxp/mcuxpressoide_11.0.1_2563/ide/plugins/com.nxp.mcuxpresso.tools.win32_11.0.1.201907311258/tools/bin/../lib/gcc/arm-none-eabi/8.2.1/../../../../arm-none-eabi/lib/thumb/v7e-m+fp/hard\libcr_c.a(__init_alloc.o)
                0x2000000c                __heaps
 .bss.errno     0x20000010        0x4 c:/nxp/mcuxpressoide_11.0.1_2563/ide/plugins/com.nxp.mcuxpresso.tools.win32_11.0.1.201907311258/tools/bin/../lib/gcc/arm-none-eabi/8.2.1/../../../../arm-none-eabi/lib/thumb/v7e-m+fp/hard\libcr_c.a(errno.o)
                0x20000010                errno
 .bss.__Ciob    0x20000014       0xb4 c:/nxp/mcuxpressoide_11.0.1_2563/ide/plugins/com.nxp.mcuxpresso.tools.win32_11.0.1.201907311258/tools/bin/../lib/gcc/arm-none-eabi/8.2.1/../../../../arm-none-eabi/lib/thumb/v7e-m+fp/hard\libcr_semihost_nf.a(__ciob.o)
                0x20000014                __Ciob
 *(SORT_BY_ALIGNMENT(COMMON))
                0x200000c8                . = ALIGN (0x4)
                0x200000c8                _ebss = .
                [!provide]                PROVIDE (end = .)

.noinit_RAM2    0x1fffc000        0x0
                0x1fffc000                . = ALIGN (0x4)
 *(SORT_BY_ALIGNMENT(.noinit.$RAM2))
 *(SORT_BY_ALIGNMENT(.noinit.$SRAM_LOWER))
 *(SORT_BY_ALIGNMENT(.noinit.$RAM2.*))
 *(SORT_BY_ALIGNMENT(.noinit.$SRAM_LOWER.*))
                0x1fffc000                . = ALIGN (0x4)

.noinit         0x200000c8        0x0
                0x200000c8                . = ALIGN (0x4)
                0x200000c8                _noinit = .
 *(SORT_BY_ALIGNMENT(.noinit*))
                0x200000c8                . = ALIGN (0x4)
                0x200000c8                _end_noinit = .
                0x00000800                _HeapSize = 0x800

.heap           0x200000c8      0x800
                0x200000c8                _pvHeapStart = .
                0x200008c8                . = (. + _HeapSize)
 *fill*         0x200000c8      0x800 
                0x200008c8                . = ALIGN (0x4)
                0x200008c8                _pvHeapLimit = .
                0x00000800                _StackSize = 0x800

.heap2stackfill
                0x200008c8      0x800
                0x200010c8                . = (. + _StackSize)
 *fill*         0x200008c8      0x800 

.stack          0x20007800        0x0
                0x20007800                _vStackBase = .
                0x20007800                . = ALIGN (0x4)
                0x20008000                _vStackTop = (. + _StackSize)
                0x00000000                _image_start = LOADADDR (.text)
                0x00001e94                _image_end = (LOADADDR (.data) + SIZEOF (.data))
                0x00001e94                _image_size = (_image_end - _image_start)
OUTPUT(Speed_Controller.axf elf32-littlearm)

.debug_info     0x00000000     0x128a
 .debug_info    0x00000000      0x84a ./startup/startup_mkv31f25612.o
 .debug_info    0x0000084a      0x21b ./source/Speed_Controller.o
 .debug_info    0x00000a65       0x3c ./source/semihost_hardfault.o
 .debug_info    0x00000aa1      0x681 ./device/system_MKV31F25612.o
 .debug_info    0x00001122       0xf0 ./board/clock_config.o
 .debug_info    0x00001212       0x3c ./board/peripherals.o
 .debug_info    0x0000124e       0x3c ./board/pin_mux.o

.debug_abbrev   0x00000000      0x4fd
 .debug_abbrev  0x00000000      0x17a ./startup/startup_mkv31f25612.o
 .debug_abbrev  0x0000017a       0xdf ./source/Speed_Controller.o
 .debug_abbrev  0x00000259       0x31 ./source/semihost_hardfault.o
 .debug_abbrev  0x0000028a      0x170 ./device/system_MKV31F25612.o
 .debug_abbrev  0x000003fa       0xa1 ./board/clock_config.o
 .debug_abbrev  0x0000049b       0x31 ./board/peripherals.o
 .debug_abbrev  0x000004cc       0x31 ./board/pin_mux.o

.debug_aranges  0x00000000      0x3a0
 .debug_aranges
                0x00000000      0x2d0 ./startup/startup_mkv31f25612.o
 .debug_aranges
                0x000002d0       0x20 ./source/Speed_Controller.o
 .debug_aranges
                0x000002f0       0x20 ./source/semihost_hardfault.o
 .debug_aranges
                0x00000310       0x30 ./device/system_MKV31F25612.o
 .debug_aranges
                0x00000340       0x20 ./board/clock_config.o
 .debug_aranges
                0x00000360       0x20 ./board/peripherals.o
 .debug_aranges
                0x00000380       0x20 ./board/pin_mux.o

.debug_ranges   0x00000000      0x330
 .debug_ranges  0x00000000      0x2c0 ./startup/startup_mkv31f25612.o
 .debug_ranges  0x000002c0       0x10 ./source/Speed_Controller.o
 .debug_ranges  0x000002d0       0x10 ./source/semihost_hardfault.o
 .debug_ranges  0x000002e0       0x20 ./device/system_MKV31F25612.o
 .debug_ranges  0x00000300       0x10 ./board/clock_config.o
 .debug_ranges  0x00000310       0x10 ./board/peripherals.o
 .debug_ranges  0x00000320       0x10 ./board/pin_mux.o

.debug_macro    0x00000000     0xabe1
 .debug_macro   0x00000000       0x29 ./startup/startup_mkv31f25612.o
 .debug_macro   0x00000029      0xad2 ./startup/startup_mkv31f25612.o
 .debug_macro   0x00000afb       0xc0 ./source/Speed_Controller.o
 .debug_macro   0x00000bbb       0x10 ./source/Speed_Controller.o
 .debug_macro   0x00000bcb      0x12e ./source/Speed_Controller.o
 .debug_macro   0x00000cf9       0xd8 ./source/Speed_Controller.o
 .debug_macro   0x00000dd1       0x10 ./source/Speed_Controller.o
 .debug_macro   0x00000de1       0x56 ./source/Speed_Controller.o
 .debug_macro   0x00000e37      0x5b3 ./source/Speed_Controller.o
 .debug_macro   0x000013ea       0x1c ./source/Speed_Controller.o
 .debug_macro   0x00001406       0x22 ./source/Speed_Controller.o
 .debug_macro   0x00001428       0xdf ./source/Speed_Controller.o
 .debug_macro   0x00001507      0xecf ./source/Speed_Controller.o
 .debug_macro   0x000023d6       0x3a ./source/Speed_Controller.o
 .debug_macro   0x00002410     0x7536 ./source/Speed_Controller.o
 .debug_macro   0x00009946       0x11 ./source/semihost_hardfault.o
 .debug_macro   0x00009957       0x98 ./device/system_MKV31F25612.o
 .debug_macro   0x000099ef       0x10 ./device/system_MKV31F25612.o
 .debug_macro   0x000099ff     0x111c ./device/system_MKV31F25612.o
 .debug_macro   0x0000ab1b       0x90 ./board/clock_config.o
 .debug_macro   0x0000abab       0x1b ./board/peripherals.o
 .debug_macro   0x0000abc6       0x1b ./board/pin_mux.o

.debug_line     0x00000000     0x1121
 .debug_line    0x00000000      0x7f2 ./startup/startup_mkv31f25612.o
 .debug_line    0x000007f2      0x268 ./source/Speed_Controller.o
 .debug_line    0x00000a5a       0x5a ./source/semihost_hardfault.o
 .debug_line    0x00000ab4      0x3ac ./device/system_MKV31F25612.o
 .debug_line    0x00000e60      0x211 ./board/clock_config.o
 .debug_line    0x00001071       0x5c ./board/peripherals.o
 .debug_line    0x000010cd       0x54 ./board/pin_mux.o

.debug_str      0x00000000    0x461c9
 .debug_str     0x00000000     0x35e6 ./startup/startup_mkv31f25612.o
                               0x362f (size before relaxing)
 .debug_str     0x000035e6    0x3c2e1 ./source/Speed_Controller.o
                              0x3f205 (size before relaxing)
 .debug_str     0x0003f8c7       0x1f ./source/semihost_hardfault.o
                               0x2eac (size before relaxing)
 .debug_str     0x0003f8e6     0x685f ./device/system_MKV31F25612.o
                              0x45684 (size before relaxing)
 .debug_str     0x00046145       0x2d ./board/clock_config.o
                              0x3ee64 (size before relaxing)
 .debug_str     0x00046172       0x31 ./board/peripherals.o
                               0x2ebd (size before relaxing)
 .debug_str     0x000461a3       0x26 ./board/pin_mux.o
                               0x2eae (size before relaxing)

.comment        0x00000000       0x75
 .comment       0x00000000       0x75 ./startup/startup_mkv31f25612.o
                                 0x76 (size before relaxing)
 .comment       0x00000075       0x76 ./source/Speed_Controller.o
 .comment       0x00000075       0x76 ./source/semihost_hardfault.o
 .comment       0x00000075       0x76 ./device/system_MKV31F25612.o
 .comment       0x00000075       0x76 ./board/clock_config.o
 .comment       0x00000075       0x76 ./board/peripherals.o
 .comment       0x00000075       0x76 ./board/pin_mux.o
 .comment       0x00000075       0x76 c:/nxp/mcuxpressoide_11.0.1_2563/ide/plugins/com.nxp.mcuxpresso.tools.win32_11.0.1.201907311258/tools/bin/../lib/gcc/arm-none-eabi/8.2.1/../../../../arm-none-eabi/lib/thumb/v7e-m+fp/hard\libcr_semihost_nf.a(_cr__main.o)
 .comment       0x00000075       0x76 c:/nxp/mcuxpressoide_11.0.1_2563/ide/plugins/com.nxp.mcuxpresso.tools.win32_11.0.1.201907311258/tools/bin/../lib/gcc/arm-none-eabi/8.2.1/../../../../arm-none-eabi/lib/thumb/v7e-m+fp/hard\libcr_c.a(initio.o)
 .comment       0x00000075       0x76 c:/nxp/mcuxpressoide_11.0.1_2563/ide/plugins/com.nxp.mcuxpresso.tools.win32_11.0.1.201907311258/tools/bin/../lib/gcc/arm-none-eabi/8.2.1/../../../../arm-none-eabi/lib/thumb/v7e-m+fp/hard\libcr_c.a(printf.o)
 .comment       0x00000075       0x76 c:/nxp/mcuxpressoide_11.0.1_2563/ide/plugins/com.nxp.mcuxpresso.tools.win32_11.0.1.201907311258/tools/bin/../lib/gcc/arm-none-eabi/8.2.1/../../../../arm-none-eabi/lib/thumb/v7e-m+fp/hard\libcr_c.a(setvbuf.o)
 .comment       0x00000075       0x76 c:/nxp/mcuxpressoide_11.0.1_2563/ide/plugins/com.nxp.mcuxpresso.tools.win32_11.0.1.201907311258/tools/bin/../lib/gcc/arm-none-eabi/8.2.1/../../../../arm-none-eabi/lib/thumb/v7e-m+fp/hard\libcr_c.a(strlen.o)
 .comment       0x00000075       0x76 c:/nxp/mcuxpressoide_11.0.1_2563/ide/plugins/com.nxp.mcuxpresso.tools.win32_11.0.1.201907311258/tools/bin/../lib/gcc/arm-none-eabi/8.2.1/../../../../arm-none-eabi/lib/thumb/v7e-m+fp/hard\libcr_c.a(memset.o)
 .comment       0x00000075       0x76 c:/nxp/mcuxpressoide_11.0.1_2563/ide/plugins/com.nxp.mcuxpresso.tools.win32_11.0.1.201907311258/tools/bin/../lib/gcc/arm-none-eabi/8.2.1/../../../../arm-none-eabi/lib/thumb/v7e-m+fp/hard\libcr_c.a(_deferredlazyseek.o)
 .comment       0x00000075       0x76 c:/nxp/mcuxpressoide_11.0.1_2563/ide/plugins/com.nxp.mcuxpresso.tools.win32_11.0.1.201907311258/tools/bin/../lib/gcc/arm-none-eabi/8.2.1/../../../../arm-none-eabi/lib/thumb/v7e-m+fp/hard\libcr_c.a(_fdopen.o)
 .comment       0x00000075       0x76 c:/nxp/mcuxpressoide_11.0.1_2563/ide/plugins/com.nxp.mcuxpresso.tools.win32_11.0.1.201907311258/tools/bin/../lib/gcc/arm-none-eabi/8.2.1/../../../../arm-none-eabi/lib/thumb/v7e-m+fp/hard\libcr_c.a(_fflush.o)
 .comment       0x00000075       0x76 c:/nxp/mcuxpressoide_11.0.1_2563/ide/plugins/com.nxp.mcuxpresso.tools.win32_11.0.1.201907311258/tools/bin/../lib/gcc/arm-none-eabi/8.2.1/../../../../arm-none-eabi/lib/thumb/v7e-m+fp/hard\libcr_c.a(_writebuf.o)
 .comment       0x00000075       0x76 c:/nxp/mcuxpressoide_11.0.1_2563/ide/plugins/com.nxp.mcuxpresso.tools.win32_11.0.1.201907311258/tools/bin/../lib/gcc/arm-none-eabi/8.2.1/../../../../arm-none-eabi/lib/thumb/v7e-m+fp/hard\libcr_c.a(alloc.o)
 .comment       0x00000075       0x76 c:/nxp/mcuxpressoide_11.0.1_2563/ide/plugins/com.nxp.mcuxpresso.tools.win32_11.0.1.201907311258/tools/bin/../lib/gcc/arm-none-eabi/8.2.1/../../../../arm-none-eabi/lib/thumb/v7e-m+fp/hard\libcr_c.a(fclose.o)
 .comment       0x00000075       0x76 c:/nxp/mcuxpressoide_11.0.1_2563/ide/plugins/com.nxp.mcuxpresso.tools.win32_11.0.1.201907311258/tools/bin/../lib/gcc/arm-none-eabi/8.2.1/../../../../arm-none-eabi/lib/thumb/v7e-m+fp/hard\libcr_c.a(fflush.o)
 .comment       0x00000075       0x76 c:/nxp/mcuxpressoide_11.0.1_2563/ide/plugins/com.nxp.mcuxpresso.tools.win32_11.0.1.201907311258/tools/bin/../lib/gcc/arm-none-eabi/8.2.1/../../../../arm-none-eabi/lib/thumb/v7e-m+fp/hard\libcr_c.a(fseek.o)
 .comment       0x00000075       0x76 c:/nxp/mcuxpressoide_11.0.1_2563/ide/plugins/com.nxp.mcuxpresso.tools.win32_11.0.1.201907311258/tools/bin/../lib/gcc/arm-none-eabi/8.2.1/../../../../arm-none-eabi/lib/thumb/v7e-m+fp/hard\libcr_c.a(ftell.o)
 .comment       0x00000075       0x76 c:/nxp/mcuxpressoide_11.0.1_2563/ide/plugins/com.nxp.mcuxpresso.tools.win32_11.0.1.201907311258/tools/bin/../lib/gcc/arm-none-eabi/8.2.1/../../../../arm-none-eabi/lib/thumb/v7e-m+fp/hard\libcr_c.a(remove.o)
 .comment       0x00000075       0x76 c:/nxp/mcuxpressoide_11.0.1_2563/ide/plugins/com.nxp.mcuxpresso.tools.win32_11.0.1.201907311258/tools/bin/../lib/gcc/arm-none-eabi/8.2.1/../../../../arm-none-eabi/lib/thumb/v7e-m+fp/hard\libcr_c.a(__init_alloc.o)
 .comment       0x00000075       0x76 c:/nxp/mcuxpressoide_11.0.1_2563/ide/plugins/com.nxp.mcuxpresso.tools.win32_11.0.1.201907311258/tools/bin/../lib/gcc/arm-none-eabi/8.2.1/../../../../arm-none-eabi/lib/thumb/v7e-m+fp/hard\libcr_c.a(_cr_sbrk.o)
 .comment       0x00000075       0x76 c:/nxp/mcuxpressoide_11.0.1_2563/ide/plugins/com.nxp.mcuxpresso.tools.win32_11.0.1.201907311258/tools/bin/../lib/gcc/arm-none-eabi/8.2.1/../../../../arm-none-eabi/lib/thumb/v7e-m+fp/hard\libcr_c.a(_do_fflush.o)
 .comment       0x00000075       0x76 c:/nxp/mcuxpressoide_11.0.1_2563/ide/plugins/com.nxp.mcuxpresso.tools.win32_11.0.1.201907311258/tools/bin/../lib/gcc/arm-none-eabi/8.2.1/../../../../arm-none-eabi/lib/thumb/v7e-m+fp/hard\libcr_c.a(errno.o)
 .comment       0x00000075       0x76 c:/nxp/mcuxpressoide_11.0.1_2563/ide/plugins/com.nxp.mcuxpresso.tools.win32_11.0.1.201907311258/tools/bin/../lib/gcc/arm-none-eabi/8.2.1/../../../../arm-none-eabi/lib/thumb/v7e-m+fp/hard\libcr_c.a(_cr_check_heap.o)
 .comment       0x00000075       0x76 c:/nxp/mcuxpressoide_11.0.1_2563/ide/plugins/com.nxp.mcuxpresso.tools.win32_11.0.1.201907311258/tools/bin/../lib/gcc/arm-none-eabi/8.2.1/../../../../arm-none-eabi/lib/thumb/v7e-m+fp/hard\libcr_semihost_nf.a(__ciob.o)

.ARM.attributes
                0x00000000       0x32
 .ARM.attributes
                0x00000000       0x34 ./startup/startup_mkv31f25612.o
 .ARM.attributes
                0x00000034       0x34 ./source/Speed_Controller.o
 .ARM.attributes
                0x00000068       0x34 ./source/semihost_hardfault.o
 .ARM.attributes
                0x0000009c       0x34 ./device/system_MKV31F25612.o
 .ARM.attributes
                0x000000d0       0x34 ./board/clock_config.o
 .ARM.attributes
                0x00000104       0x34 ./board/peripherals.o
 .ARM.attributes
                0x00000138       0x34 ./board/pin_mux.o
 .ARM.attributes
                0x0000016c       0x34 c:/nxp/mcuxpressoide_11.0.1_2563/ide/plugins/com.nxp.mcuxpresso.tools.win32_11.0.1.201907311258/tools/bin/../lib/gcc/arm-none-eabi/8.2.1/../../../../arm-none-eabi/lib/thumb/v7e-m+fp/hard\libcr_semihost_nf.a(_cr__main.o)
 .ARM.attributes
                0x000001a0       0x34 c:/nxp/mcuxpressoide_11.0.1_2563/ide/plugins/com.nxp.mcuxpresso.tools.win32_11.0.1.201907311258/tools/bin/../lib/gcc/arm-none-eabi/8.2.1/../../../../arm-none-eabi/lib/thumb/v7e-m+fp/hard\libcr_c.a(initio.o)
 .ARM.attributes
                0x000001d4       0x34 c:/nxp/mcuxpressoide_11.0.1_2563/ide/plugins/com.nxp.mcuxpresso.tools.win32_11.0.1.201907311258/tools/bin/../lib/gcc/arm-none-eabi/8.2.1/../../../../arm-none-eabi/lib/thumb/v7e-m+fp/hard\libcr_c.a(printf.o)
 .ARM.attributes
                0x00000208       0x34 c:/nxp/mcuxpressoide_11.0.1_2563/ide/plugins/com.nxp.mcuxpresso.tools.win32_11.0.1.201907311258/tools/bin/../lib/gcc/arm-none-eabi/8.2.1/../../../../arm-none-eabi/lib/thumb/v7e-m+fp/hard\libcr_c.a(setvbuf.o)
 .ARM.attributes
                0x0000023c       0x34 c:/nxp/mcuxpressoide_11.0.1_2563/ide/plugins/com.nxp.mcuxpresso.tools.win32_11.0.1.201907311258/tools/bin/../lib/gcc/arm-none-eabi/8.2.1/../../../../arm-none-eabi/lib/thumb/v7e-m+fp/hard\libcr_c.a(strlen.o)
 .ARM.attributes
                0x00000270       0x34 c:/nxp/mcuxpressoide_11.0.1_2563/ide/plugins/com.nxp.mcuxpresso.tools.win32_11.0.1.201907311258/tools/bin/../lib/gcc/arm-none-eabi/8.2.1/../../../../arm-none-eabi/lib/thumb/v7e-m+fp/hard\libcr_c.a(memset.o)
 .ARM.attributes
                0x000002a4       0x34 c:/nxp/mcuxpressoide_11.0.1_2563/ide/plugins/com.nxp.mcuxpresso.tools.win32_11.0.1.201907311258/tools/bin/../lib/gcc/arm-none-eabi/8.2.1/../../../../arm-none-eabi/lib/thumb/v7e-m+fp/hard\libcr_c.a(_deferredlazyseek.o)
 .ARM.attributes
                0x000002d8       0x34 c:/nxp/mcuxpressoide_11.0.1_2563/ide/plugins/com.nxp.mcuxpresso.tools.win32_11.0.1.201907311258/tools/bin/../lib/gcc/arm-none-eabi/8.2.1/../../../../arm-none-eabi/lib/thumb/v7e-m+fp/hard\libcr_c.a(_fdopen.o)
 .ARM.attributes
                0x0000030c       0x34 c:/nxp/mcuxpressoide_11.0.1_2563/ide/plugins/com.nxp.mcuxpresso.tools.win32_11.0.1.201907311258/tools/bin/../lib/gcc/arm-none-eabi/8.2.1/../../../../arm-none-eabi/lib/thumb/v7e-m+fp/hard\libcr_c.a(_fflush.o)
 .ARM.attributes
                0x00000340       0x34 c:/nxp/mcuxpressoide_11.0.1_2563/ide/plugins/com.nxp.mcuxpresso.tools.win32_11.0.1.201907311258/tools/bin/../lib/gcc/arm-none-eabi/8.2.1/../../../../arm-none-eabi/lib/thumb/v7e-m+fp/hard\libcr_c.a(_writebuf.o)
 .ARM.attributes
                0x00000374       0x34 c:/nxp/mcuxpressoide_11.0.1_2563/ide/plugins/com.nxp.mcuxpresso.tools.win32_11.0.1.201907311258/tools/bin/../lib/gcc/arm-none-eabi/8.2.1/../../../../arm-none-eabi/lib/thumb/v7e-m+fp/hard\libcr_c.a(alloc.o)
 .ARM.attributes
                0x000003a8       0x34 c:/nxp/mcuxpressoide_11.0.1_2563/ide/plugins/com.nxp.mcuxpresso.tools.win32_11.0.1.201907311258/tools/bin/../lib/gcc/arm-none-eabi/8.2.1/../../../../arm-none-eabi/lib/thumb/v7e-m+fp/hard\libcr_c.a(fclose.o)
 .ARM.attributes
                0x000003dc       0x34 c:/nxp/mcuxpressoide_11.0.1_2563/ide/plugins/com.nxp.mcuxpresso.tools.win32_11.0.1.201907311258/tools/bin/../lib/gcc/arm-none-eabi/8.2.1/../../../../arm-none-eabi/lib/thumb/v7e-m+fp/hard\libcr_c.a(fflush.o)
 .ARM.attributes
                0x00000410       0x34 c:/nxp/mcuxpressoide_11.0.1_2563/ide/plugins/com.nxp.mcuxpresso.tools.win32_11.0.1.201907311258/tools/bin/../lib/gcc/arm-none-eabi/8.2.1/../../../../arm-none-eabi/lib/thumb/v7e-m+fp/hard\libcr_c.a(fseek.o)
 .ARM.attributes
                0x00000444       0x34 c:/nxp/mcuxpressoide_11.0.1_2563/ide/plugins/com.nxp.mcuxpresso.tools.win32_11.0.1.201907311258/tools/bin/../lib/gcc/arm-none-eabi/8.2.1/../../../../arm-none-eabi/lib/thumb/v7e-m+fp/hard\libcr_c.a(ftell.o)
 .ARM.attributes
                0x00000478       0x34 c:/nxp/mcuxpressoide_11.0.1_2563/ide/plugins/com.nxp.mcuxpresso.tools.win32_11.0.1.201907311258/tools/bin/../lib/gcc/arm-none-eabi/8.2.1/../../../../arm-none-eabi/lib/thumb/v7e-m+fp/hard\libcr_c.a(remove.o)
 .ARM.attributes
                0x000004ac       0x34 c:/nxp/mcuxpressoide_11.0.1_2563/ide/plugins/com.nxp.mcuxpresso.tools.win32_11.0.1.201907311258/tools/bin/../lib/gcc/arm-none-eabi/8.2.1/../../../../arm-none-eabi/lib/thumb/v7e-m+fp/hard\libcr_c.a(__init_alloc.o)
 .ARM.attributes
                0x000004e0       0x34 c:/nxp/mcuxpressoide_11.0.1_2563/ide/plugins/com.nxp.mcuxpresso.tools.win32_11.0.1.201907311258/tools/bin/../lib/gcc/arm-none-eabi/8.2.1/../../../../arm-none-eabi/lib/thumb/v7e-m+fp/hard\libcr_c.a(_cr_sbrk.o)
 .ARM.attributes
                0x00000514       0x34 c:/nxp/mcuxpressoide_11.0.1_2563/ide/plugins/com.nxp.mcuxpresso.tools.win32_11.0.1.201907311258/tools/bin/../lib/gcc/arm-none-eabi/8.2.1/../../../../arm-none-eabi/lib/thumb/v7e-m+fp/hard\libcr_c.a(_do_fflush.o)
 .ARM.attributes
                0x00000548       0x39 c:/nxp/mcuxpressoide_11.0.1_2563/ide/plugins/com.nxp.mcuxpresso.tools.win32_11.0.1.201907311258/tools/bin/../lib/gcc/arm-none-eabi/8.2.1/../../../../arm-none-eabi/lib/thumb/v7e-m+fp/hard\libcr_c.a(errno.o)
 .ARM.attributes
                0x00000581       0x34 c:/nxp/mcuxpressoide_11.0.1_2563/ide/plugins/com.nxp.mcuxpresso.tools.win32_11.0.1.201907311258/tools/bin/../lib/gcc/arm-none-eabi/8.2.1/../../../../arm-none-eabi/lib/thumb/v7e-m+fp/hard\libcr_c.a(_cr_check_heap.o)
 .ARM.attributes
                0x000005b5       0x20 c:/nxp/mcuxpressoide_11.0.1_2563/ide/plugins/com.nxp.mcuxpresso.tools.win32_11.0.1.201907311258/tools/bin/../lib/gcc/arm-none-eabi/8.2.1/thumb/v7e-m+fp/hard\libcr_eabihelpers.a(memcpy.o)
 .ARM.attributes
                0x000005d5       0x39 c:/nxp/mcuxpressoide_11.0.1_2563/ide/plugins/com.nxp.mcuxpresso.tools.win32_11.0.1.201907311258/tools/bin/../lib/gcc/arm-none-eabi/8.2.1/../../../../arm-none-eabi/lib/thumb/v7e-m+fp/hard\libcr_semihost_nf.a(__ciob.o)
 .ARM.attributes
                0x0000060e       0x20 c:/nxp/mcuxpressoide_11.0.1_2563/ide/plugins/com.nxp.mcuxpresso.tools.win32_11.0.1.201907311258/tools/bin/../lib/gcc/arm-none-eabi/8.2.1/../../../../arm-none-eabi/lib/thumb/v7e-m+fp/hard\libcr_semihost_nf.a(__sys_appexit.o)
 .ARM.attributes
                0x0000062e       0x20 c:/nxp/mcuxpressoide_11.0.1_2563/ide/plugins/com.nxp.mcuxpresso.tools.win32_11.0.1.201907311258/tools/bin/../lib/gcc/arm-none-eabi/8.2.1/../../../../arm-none-eabi/lib/thumb/v7e-m+fp/hard\libcr_semihost_nf.a(__sys_close.o)
 .ARM.attributes
                0x0000064e       0x20 c:/nxp/mcuxpressoide_11.0.1_2563/ide/plugins/com.nxp.mcuxpresso.tools.win32_11.0.1.201907311258/tools/bin/../lib/gcc/arm-none-eabi/8.2.1/../../../../arm-none-eabi/lib/thumb/v7e-m+fp/hard\libcr_semihost_nf.a(__sys_flen.o)
 .ARM.attributes
                0x0000066e       0x20 c:/nxp/mcuxpressoide_11.0.1_2563/ide/plugins/com.nxp.mcuxpresso.tools.win32_11.0.1.201907311258/tools/bin/../lib/gcc/arm-none-eabi/8.2.1/../../../../arm-none-eabi/lib/thumb/v7e-m+fp/hard\libcr_semihost_nf.a(__sys_istty.o)
 .ARM.attributes
                0x0000068e       0x20 c:/nxp/mcuxpressoide_11.0.1_2563/ide/plugins/com.nxp.mcuxpresso.tools.win32_11.0.1.201907311258/tools/bin/../lib/gcc/arm-none-eabi/8.2.1/../../../../arm-none-eabi/lib/thumb/v7e-m+fp/hard\libcr_semihost_nf.a(__sys_remove.o)
 .ARM.attributes
                0x000006ae       0x20 c:/nxp/mcuxpressoide_11.0.1_2563/ide/plugins/com.nxp.mcuxpresso.tools.win32_11.0.1.201907311258/tools/bin/../lib/gcc/arm-none-eabi/8.2.1/../../../../arm-none-eabi/lib/thumb/v7e-m+fp/hard\libcr_semihost_nf.a(__sys_seek.o)
 .ARM.attributes
                0x000006ce       0x20 c:/nxp/mcuxpressoide_11.0.1_2563/ide/plugins/com.nxp.mcuxpresso.tools.win32_11.0.1.201907311258/tools/bin/../lib/gcc/arm-none-eabi/8.2.1/../../../../arm-none-eabi/lib/thumb/v7e-m+fp/hard\libcr_semihost_nf.a(__sys_tmpnam.o)
 .ARM.attributes
                0x000006ee       0x20 c:/nxp/mcuxpressoide_11.0.1_2563/ide/plugins/com.nxp.mcuxpresso.tools.win32_11.0.1.201907311258/tools/bin/../lib/gcc/arm-none-eabi/8.2.1/../../../../arm-none-eabi/lib/thumb/v7e-m+fp/hard\libcr_semihost_nf.a(__sys_write.o)

.debug_frame    0x00000000      0x930
 .debug_frame   0x00000000      0x7e4 ./startup/startup_mkv31f25612.o
 .debug_frame   0x000007e4       0x2c ./source/Speed_Controller.o
 .debug_frame   0x00000810       0x20 ./source/semihost_hardfault.o
 .debug_frame   0x00000830       0x74 ./device/system_MKV31F25612.o
 .debug_frame   0x000008a4       0x2c ./board/clock_config.o
 .debug_frame   0x000008d0       0x30 ./board/peripherals.o
 .debug_frame   0x00000900       0x30 ./board/pin_mux.o

Cross Reference Table

Symbol                                            File
ADC0_DriverIRQHandler                             ./startup/startup_mkv31f25612.o
ADC0_IRQHandler                                   ./startup/startup_mkv31f25612.o
ADC1_DriverIRQHandler                             ./startup/startup_mkv31f25612.o
ADC1_IRQHandler                                   ./startup/startup_mkv31f25612.o
BOARD_InitBootClocks                              ./board/clock_config.o
                                                  ./source/Speed_Controller.o
BOARD_InitBootPeripherals                         ./board/peripherals.o
                                                  ./source/Speed_Controller.o
BOARD_InitBootPins                                ./board/pin_mux.o
                                                  ./source/Speed_Controller.o
BOARD_InitDebugConsole                            ./board/board.o
BusFault_Handler                                  ./startup/startup_mkv31f25612.o
CMP0_DriverIRQHandler                             ./startup/startup_mkv31f25612.o
CMP0_IRQHandler                                   ./startup/startup_mkv31f25612.o
CMP1_DriverIRQHandler                             ./startup/startup_mkv31f25612.o
CMP1_IRQHandler                                   ./startup/startup_mkv31f25612.o
DAC0_DriverIRQHandler                             ./startup/startup_mkv31f25612.o
DAC0_IRQHandler                                   ./startup/startup_mkv31f25612.o
DMA0_DriverIRQHandler                             ./startup/startup_mkv31f25612.o
DMA0_IRQHandler                                   ./startup/startup_mkv31f25612.o
DMA10_DriverIRQHandler                            ./startup/startup_mkv31f25612.o
DMA10_IRQHandler                                  ./startup/startup_mkv31f25612.o
DMA11_DriverIRQHandler                            ./startup/startup_mkv31f25612.o
DMA11_IRQHandler                                  ./startup/startup_mkv31f25612.o
DMA12_DriverIRQHandler                            ./startup/startup_mkv31f25612.o
DMA12_IRQHandler                                  ./startup/startup_mkv31f25612.o
DMA13_DriverIRQHandler                            ./startup/startup_mkv31f25612.o
DMA13_IRQHandler                                  ./startup/startup_mkv31f25612.o
DMA14_DriverIRQHandler                            ./startup/startup_mkv31f25612.o
DMA14_IRQHandler                                  ./startup/startup_mkv31f25612.o
DMA15_DriverIRQHandler                            ./startup/startup_mkv31f25612.o
DMA15_IRQHandler                                  ./startup/startup_mkv31f25612.o
DMA1_DriverIRQHandler                             ./startup/startup_mkv31f25612.o
DMA1_IRQHandler                                   ./startup/startup_mkv31f25612.o
DMA2_DriverIRQHandler                             ./startup/startup_mkv31f25612.o
DMA2_IRQHandler                                   ./startup/startup_mkv31f25612.o
DMA3_DriverIRQHandler                             ./startup/startup_mkv31f25612.o
DMA3_IRQHandler                                   ./startup/startup_mkv31f25612.o
DMA4_DriverIRQHandler                             ./startup/startup_mkv31f25612.o
DMA4_IRQHandler                                   ./startup/startup_mkv31f25612.o
DMA5_DriverIRQHandler                             ./startup/startup_mkv31f25612.o
DMA5_IRQHandler                                   ./startup/startup_mkv31f25612.o
DMA6_DriverIRQHandler                             ./startup/startup_mkv31f25612.o
DMA6_IRQHandler                                   ./startup/startup_mkv31f25612.o
DMA7_DriverIRQHandler                             ./startup/startup_mkv31f25612.o
DMA7_IRQHandler                                   ./startup/startup_mkv31f25612.o
DMA8_DriverIRQHandler                             ./startup/startup_mkv31f25612.o
DMA8_IRQHandler                                   ./startup/startup_mkv31f25612.o
DMA9_DriverIRQHandler                             ./startup/startup_mkv31f25612.o
DMA9_IRQHandler                                   ./startup/startup_mkv31f25612.o
DMA_Error_DriverIRQHandler                        ./startup/startup_mkv31f25612.o
DMA_Error_IRQHandler                              ./startup/startup_mkv31f25612.o
DebugMon_Handler                                  ./startup/startup_mkv31f25612.o
FTF_DriverIRQHandler                              ./startup/startup_mkv31f25612.o
FTF_IRQHandler                                    ./startup/startup_mkv31f25612.o
FTM0_DriverIRQHandler                             ./startup/startup_mkv31f25612.o
FTM0_IRQHandler                                   ./startup/startup_mkv31f25612.o
FTM1_DriverIRQHandler                             ./startup/startup_mkv31f25612.o
FTM1_IRQHandler                                   ./startup/startup_mkv31f25612.o
FTM2_DriverIRQHandler                             ./startup/startup_mkv31f25612.o
FTM2_IRQHandler                                   ./startup/startup_mkv31f25612.o
Flash_Config                                      ./startup/startup_mkv31f25612.o
HardFault_Handler                                 ./source/semihost_hardfault.o
                                                  ./startup/startup_mkv31f25612.o
I2C0_DriverIRQHandler                             ./startup/startup_mkv31f25612.o
I2C0_IRQHandler                                   ./startup/startup_mkv31f25612.o
I2C1_DriverIRQHandler                             ./startup/startup_mkv31f25612.o
I2C1_IRQHandler                                   ./startup/startup_mkv31f25612.o
IntDefaultHandler                                 ./startup/startup_mkv31f25612.o
LLWU_DriverIRQHandler                             ./startup/startup_mkv31f25612.o
LLWU_IRQHandler                                   ./startup/startup_mkv31f25612.o
LPTMR0_DriverIRQHandler                           ./startup/startup_mkv31f25612.o
LPTMR0_IRQHandler                                 ./startup/startup_mkv31f25612.o
LPUART0_DriverIRQHandler                          ./startup/startup_mkv31f25612.o
LPUART0_IRQHandler                                ./startup/startup_mkv31f25612.o
LVD_LVW_DriverIRQHandler                          ./startup/startup_mkv31f25612.o
LVD_LVW_IRQHandler                                ./startup/startup_mkv31f25612.o
MCG_DriverIRQHandler                              ./startup/startup_mkv31f25612.o
MCG_IRQHandler                                    ./startup/startup_mkv31f25612.o
MCM_DriverIRQHandler                              ./startup/startup_mkv31f25612.o
MCM_IRQHandler                                    ./startup/startup_mkv31f25612.o
MemManage_Handler                                 ./startup/startup_mkv31f25612.o
NMI_Handler                                       ./startup/startup_mkv31f25612.o
PDB0_DriverIRQHandler                             ./startup/startup_mkv31f25612.o
PDB0_IRQHandler                                   ./startup/startup_mkv31f25612.o
PIT0_DriverIRQHandler                             ./startup/startup_mkv31f25612.o
PIT0_IRQHandler                                   ./startup/startup_mkv31f25612.o
PIT1_DriverIRQHandler                             ./startup/startup_mkv31f25612.o
PIT1_IRQHandler                                   ./startup/startup_mkv31f25612.o
PIT2_DriverIRQHandler                             ./startup/startup_mkv31f25612.o
PIT2_IRQHandler                                   ./startup/startup_mkv31f25612.o
PIT3_DriverIRQHandler                             ./startup/startup_mkv31f25612.o
PIT3_IRQHandler                                   ./startup/startup_mkv31f25612.o
PORTA_DriverIRQHandler                            ./startup/startup_mkv31f25612.o
PORTA_IRQHandler                                  ./startup/startup_mkv31f25612.o
PORTB_DriverIRQHandler                            ./startup/startup_mkv31f25612.o
PORTB_IRQHandler                                  ./startup/startup_mkv31f25612.o
PORTC_DriverIRQHandler                            ./startup/startup_mkv31f25612.o
PORTC_IRQHandler                                  ./startup/startup_mkv31f25612.o
PORTD_DriverIRQHandler                            ./startup/startup_mkv31f25612.o
PORTD_IRQHandler                                  ./startup/startup_mkv31f25612.o
PORTE_DriverIRQHandler                            ./startup/startup_mkv31f25612.o
PORTE_IRQHandler                                  ./startup/startup_mkv31f25612.o
PendSV_Handler                                    ./startup/startup_mkv31f25612.o
RNG_DriverIRQHandler                              ./startup/startup_mkv31f25612.o
RNG_IRQHandler                                    ./startup/startup_mkv31f25612.o
Read_Collision_DriverIRQHandler                   ./startup/startup_mkv31f25612.o
Read_Collision_IRQHandler                         ./startup/startup_mkv31f25612.o
Reserved44_DriverIRQHandler                       ./startup/startup_mkv31f25612.o
Reserved44_IRQHandler                             ./startup/startup_mkv31f25612.o
Reserved45_DriverIRQHandler                       ./startup/startup_mkv31f25612.o
Reserved45_IRQHandler                             ./startup/startup_mkv31f25612.o
Reserved53_DriverIRQHandler                       ./startup/startup_mkv31f25612.o
Reserved53_IRQHandler                             ./startup/startup_mkv31f25612.o
Reserved54_DriverIRQHandler                       ./startup/startup_mkv31f25612.o
Reserved54_IRQHandler                             ./startup/startup_mkv31f25612.o
Reserved61_DriverIRQHandler                       ./startup/startup_mkv31f25612.o
Reserved61_IRQHandler                             ./startup/startup_mkv31f25612.o
Reserved62_DriverIRQHandler                       ./startup/startup_mkv31f25612.o
Reserved62_IRQHandler                             ./startup/startup_mkv31f25612.o
Reserved63_DriverIRQHandler                       ./startup/startup_mkv31f25612.o
Reserved63_IRQHandler                             ./startup/startup_mkv31f25612.o
Reserved69_DriverIRQHandler                       ./startup/startup_mkv31f25612.o
Reserved69_IRQHandler                             ./startup/startup_mkv31f25612.o
Reserved70_DriverIRQHandler                       ./startup/startup_mkv31f25612.o
Reserved70_IRQHandler                             ./startup/startup_mkv31f25612.o
Reserved71_DriverIRQHandler                       ./startup/startup_mkv31f25612.o
Reserved71_IRQHandler                             ./startup/startup_mkv31f25612.o
Reserved81_DriverIRQHandler                       ./startup/startup_mkv31f25612.o
Reserved81_IRQHandler                             ./startup/startup_mkv31f25612.o
Reserved82_DriverIRQHandler                       ./startup/startup_mkv31f25612.o
Reserved82_IRQHandler                             ./startup/startup_mkv31f25612.o
Reserved83_DriverIRQHandler                       ./startup/startup_mkv31f25612.o
Reserved83_IRQHandler                             ./startup/startup_mkv31f25612.o
Reserved84_DriverIRQHandler                       ./startup/startup_mkv31f25612.o
Reserved84_IRQHandler                             ./startup/startup_mkv31f25612.o
Reserved85_DriverIRQHandler                       ./startup/startup_mkv31f25612.o
Reserved85_IRQHandler                             ./startup/startup_mkv31f25612.o
Reserved86_DriverIRQHandler                       ./startup/startup_mkv31f25612.o
Reserved86_IRQHandler                             ./startup/startup_mkv31f25612.o
Reserved87_DriverIRQHandler                       ./startup/startup_mkv31f25612.o
Reserved87_IRQHandler                             ./startup/startup_mkv31f25612.o
Reserved88_DriverIRQHandler                       ./startup/startup_mkv31f25612.o
Reserved88_IRQHandler                             ./startup/startup_mkv31f25612.o
ResetISR                                          ./startup/startup_mkv31f25612.o
SPI0_DriverIRQHandler                             ./startup/startup_mkv31f25612.o
SPI0_IRQHandler                                   ./startup/startup_mkv31f25612.o
SPI1_DriverIRQHandler                             ./startup/startup_mkv31f25612.o
SPI1_IRQHandler                                   ./startup/startup_mkv31f25612.o
SVC_Handler                                       ./startup/startup_mkv31f25612.o
SWI_DriverIRQHandler                              ./startup/startup_mkv31f25612.o
SWI_IRQHandler                                    ./startup/startup_mkv31f25612.o
SysTick_Handler                                   ./startup/startup_mkv31f25612.o
SystemCoreClock                                   ./device/system_MKV31F25612.o
SystemCoreClockUpdate                             ./device/system_MKV31F25612.o
                                                  ./board/clock_config.o
SystemInit                                        ./device/system_MKV31F25612.o
                                                  ./startup/startup_mkv31f25612.o
SystemInitHook                                    ./device/system_MKV31F25612.o
UART0_ERR_DriverIRQHandler                        ./startup/startup_mkv31f25612.o
UART0_ERR_IRQHandler                              ./startup/startup_mkv31f25612.o
UART0_RX_TX_DriverIRQHandler                      ./startup/startup_mkv31f25612.o
UART0_RX_TX_IRQHandler                            ./startup/startup_mkv31f25612.o
UART1_ERR_DriverIRQHandler                        ./startup/startup_mkv31f25612.o
UART1_ERR_IRQHandler                              ./startup/startup_mkv31f25612.o
UART1_RX_TX_DriverIRQHandler                      ./startup/startup_mkv31f25612.o
UART1_RX_TX_IRQHandler                            ./startup/startup_mkv31f25612.o
UART2_ERR_DriverIRQHandler                        ./startup/startup_mkv31f25612.o
UART2_ERR_IRQHandler                              ./startup/startup_mkv31f25612.o
UART2_RX_TX_DriverIRQHandler                      ./startup/startup_mkv31f25612.o
UART2_RX_TX_IRQHandler                            ./startup/startup_mkv31f25612.o
UsageFault_Handler                                ./startup/startup_mkv31f25612.o
WDOG_EWM_DriverIRQHandler                         ./startup/startup_mkv31f25612.o
WDOG_EWM_IRQHandler                               ./startup/startup_mkv31f25612.o
_Csys_alloc                                       c:/nxp/mcuxpressoide_11.0.1_2563/ide/plugins/com.nxp.mcuxpresso.tools.win32_11.0.1.201907311258/tools/bin/../lib/gcc/arm-none-eabi/8.2.1/../../../../arm-none-eabi/lib/thumb/v7e-m+fp/hard\libcr_c.a(alloc.o)
                                                  c:/nxp/mcuxpressoide_11.0.1_2563/ide/plugins/com.nxp.mcuxpresso.tools.win32_11.0.1.201907311258/tools/bin/../lib/gcc/arm-none-eabi/8.2.1/../../../../arm-none-eabi/lib/thumb/v7e-m+fp/hard\libcr_c.a(_deferredlazyseek.o)
_Cwritebuf                                        c:/nxp/mcuxpressoide_11.0.1_2563/ide/plugins/com.nxp.mcuxpresso.tools.win32_11.0.1.201907311258/tools/bin/../lib/gcc/arm-none-eabi/8.2.1/../../../../arm-none-eabi/lib/thumb/v7e-m+fp/hard\libcr_c.a(_writebuf.o)
                                                  c:/nxp/mcuxpressoide_11.0.1_2563/ide/plugins/com.nxp.mcuxpresso.tools.win32_11.0.1.201907311258/tools/bin/../lib/gcc/arm-none-eabi/8.2.1/../../../../arm-none-eabi/lib/thumb/v7e-m+fp/hard\libcr_c.a(_fflush.o)
                                                  c:/nxp/mcuxpressoide_11.0.1_2563/ide/plugins/com.nxp.mcuxpresso.tools.win32_11.0.1.201907311258/tools/bin/../lib/gcc/arm-none-eabi/8.2.1/../../../../arm-none-eabi/lib/thumb/v7e-m+fp/hard\libcr_c.a(_deferredlazyseek.o)
__CR_SEMIHOST                                     c:/nxp/mcuxpressoide_11.0.1_2563/ide/plugins/com.nxp.mcuxpresso.tools.win32_11.0.1.201907311258/tools/bin/../lib/gcc/arm-none-eabi/8.2.1/../../../../arm-none-eabi/lib/thumb/v7e-m+fp/hard\libcr_semihost_nf.a(_cr__main.o)
__Ciob                                            c:/nxp/mcuxpressoide_11.0.1_2563/ide/plugins/com.nxp.mcuxpresso.tools.win32_11.0.1.201907311258/tools/bin/../lib/gcc/arm-none-eabi/8.2.1/../../../../arm-none-eabi/lib/thumb/v7e-m+fp/hard\libcr_semihost_nf.a(__ciob.o)
                                                  c:/nxp/mcuxpressoide_11.0.1_2563/ide/plugins/com.nxp.mcuxpresso.tools.win32_11.0.1.201907311258/tools/bin/../lib/gcc/arm-none-eabi/8.2.1/../../../../arm-none-eabi/lib/thumb/v7e-m+fp/hard\libcr_c.a(fflush.o)
                                                  c:/nxp/mcuxpressoide_11.0.1_2563/ide/plugins/com.nxp.mcuxpresso.tools.win32_11.0.1.201907311258/tools/bin/../lib/gcc/arm-none-eabi/8.2.1/../../../../arm-none-eabi/lib/thumb/v7e-m+fp/hard\libcr_c.a(printf.o)
                                                  c:/nxp/mcuxpressoide_11.0.1_2563/ide/plugins/com.nxp.mcuxpresso.tools.win32_11.0.1.201907311258/tools/bin/../lib/gcc/arm-none-eabi/8.2.1/../../../../arm-none-eabi/lib/thumb/v7e-m+fp/hard\libcr_c.a(initio.o)
__Vectors                                         ./startup/startup_mkv31f25612.o
__aeabi_lowlevel_memset                           c:/nxp/mcuxpressoide_11.0.1_2563/ide/plugins/com.nxp.mcuxpresso.tools.win32_11.0.1.201907311258/tools/bin/../lib/gcc/arm-none-eabi/8.2.1/thumb/v7e-m+fp/hard\libcr_eabihelpers.a(memcpy.o)
                                                  c:/nxp/mcuxpressoide_11.0.1_2563/ide/plugins/com.nxp.mcuxpresso.tools.win32_11.0.1.201907311258/tools/bin/../lib/gcc/arm-none-eabi/8.2.1/../../../../arm-none-eabi/lib/thumb/v7e-m+fp/hard\libcr_c.a(memset.o)
__aeabi_memclr                                    c:/nxp/mcuxpressoide_11.0.1_2563/ide/plugins/com.nxp.mcuxpresso.tools.win32_11.0.1.201907311258/tools/bin/../lib/gcc/arm-none-eabi/8.2.1/thumb/v7e-m+fp/hard\libcr_eabihelpers.a(memcpy.o)
__aeabi_memclr4                                   c:/nxp/mcuxpressoide_11.0.1_2563/ide/plugins/com.nxp.mcuxpresso.tools.win32_11.0.1.201907311258/tools/bin/../lib/gcc/arm-none-eabi/8.2.1/thumb/v7e-m+fp/hard\libcr_eabihelpers.a(memcpy.o)
__aeabi_memclr8                                   c:/nxp/mcuxpressoide_11.0.1_2563/ide/plugins/com.nxp.mcuxpresso.tools.win32_11.0.1.201907311258/tools/bin/../lib/gcc/arm-none-eabi/8.2.1/thumb/v7e-m+fp/hard\libcr_eabihelpers.a(memcpy.o)
__aeabi_memcpy                                    c:/nxp/mcuxpressoide_11.0.1_2563/ide/plugins/com.nxp.mcuxpresso.tools.win32_11.0.1.201907311258/tools/bin/../lib/gcc/arm-none-eabi/8.2.1/thumb/v7e-m+fp/hard\libcr_eabihelpers.a(memcpy.o)
                                                  c:/nxp/mcuxpressoide_11.0.1_2563/ide/plugins/com.nxp.mcuxpresso.tools.win32_11.0.1.201907311258/tools/bin/../lib/gcc/arm-none-eabi/8.2.1/../../../../arm-none-eabi/lib/thumb/v7e-m+fp/hard\libcr_c.a(memcpy.o)
__aeabi_memcpy4                                   c:/nxp/mcuxpressoide_11.0.1_2563/ide/plugins/com.nxp.mcuxpresso.tools.win32_11.0.1.201907311258/tools/bin/../lib/gcc/arm-none-eabi/8.2.1/thumb/v7e-m+fp/hard\libcr_eabihelpers.a(memcpy.o)
__aeabi_memcpy8                                   c:/nxp/mcuxpressoide_11.0.1_2563/ide/plugins/com.nxp.mcuxpresso.tools.win32_11.0.1.201907311258/tools/bin/../lib/gcc/arm-none-eabi/8.2.1/thumb/v7e-m+fp/hard\libcr_eabihelpers.a(memcpy.o)
__aeabi_memmove                                   c:/nxp/mcuxpressoide_11.0.1_2563/ide/plugins/com.nxp.mcuxpresso.tools.win32_11.0.1.201907311258/tools/bin/../lib/gcc/arm-none-eabi/8.2.1/thumb/v7e-m+fp/hard\libcr_eabihelpers.a(memcpy.o)
__aeabi_memmove4                                  c:/nxp/mcuxpressoide_11.0.1_2563/ide/plugins/com.nxp.mcuxpresso.tools.win32_11.0.1.201907311258/tools/bin/../lib/gcc/arm-none-eabi/8.2.1/thumb/v7e-m+fp/hard\libcr_eabihelpers.a(memcpy.o)
__aeabi_memmove8                                  c:/nxp/mcuxpressoide_11.0.1_2563/ide/plugins/com.nxp.mcuxpresso.tools.win32_11.0.1.201907311258/tools/bin/../lib/gcc/arm-none-eabi/8.2.1/thumb/v7e-m+fp/hard\libcr_eabihelpers.a(memcpy.o)
__aeabi_memset                                    c:/nxp/mcuxpressoide_11.0.1_2563/ide/plugins/com.nxp.mcuxpresso.tools.win32_11.0.1.201907311258/tools/bin/../lib/gcc/arm-none-eabi/8.2.1/thumb/v7e-m+fp/hard\libcr_eabihelpers.a(memcpy.o)
__aeabi_memset4                                   c:/nxp/mcuxpressoide_11.0.1_2563/ide/plugins/com.nxp.mcuxpresso.tools.win32_11.0.1.201907311258/tools/bin/../lib/gcc/arm-none-eabi/8.2.1/thumb/v7e-m+fp/hard\libcr_eabihelpers.a(memcpy.o)
__aeabi_memset8                                   c:/nxp/mcuxpressoide_11.0.1_2563/ide/plugins/com.nxp.mcuxpresso.tools.win32_11.0.1.201907311258/tools/bin/../lib/gcc/arm-none-eabi/8.2.1/thumb/v7e-m+fp/hard\libcr_eabihelpers.a(memcpy.o)
__bss_section_table_end                           ./startup/startup_mkv31f25612.o
__check_heap_overflow                             c:/nxp/mcuxpressoide_11.0.1_2563/ide/plugins/com.nxp.mcuxpresso.tools.win32_11.0.1.201907311258/tools/bin/../lib/gcc/arm-none-eabi/8.2.1/../../../../arm-none-eabi/lib/thumb/v7e-m+fp/hard\libcr_c.a(_cr_check_heap.o)
                                                  c:/nxp/mcuxpressoide_11.0.1_2563/ide/plugins/com.nxp.mcuxpresso.tools.win32_11.0.1.201907311258/tools/bin/../lib/gcc/arm-none-eabi/8.2.1/../../../../arm-none-eabi/lib/thumb/v7e-m+fp/hard\libcr_c.a(_cr_sbrk.o)
__data_section_table                              ./startup/startup_mkv31f25612.o
__data_section_table_end                          ./startup/startup_mkv31f25612.o
__end_of_heap                                     c:/nxp/mcuxpressoide_11.0.1_2563/ide/plugins/com.nxp.mcuxpresso.tools.win32_11.0.1.201907311258/tools/bin/../lib/gcc/arm-none-eabi/8.2.1/../../../../arm-none-eabi/lib/thumb/v7e-m+fp/hard\libcr_c.a(__init_alloc.o)
                                                  c:/nxp/mcuxpressoide_11.0.1_2563/ide/plugins/com.nxp.mcuxpresso.tools.win32_11.0.1.201907311258/tools/bin/../lib/gcc/arm-none-eabi/8.2.1/../../../../arm-none-eabi/lib/thumb/v7e-m+fp/hard\libcr_c.a(_cr_sbrk.o)
__exit                                            c:/nxp/mcuxpressoide_11.0.1_2563/ide/plugins/com.nxp.mcuxpresso.tools.win32_11.0.1.201907311258/tools/bin/../lib/gcc/arm-none-eabi/8.2.1/../../../../arm-none-eabi/lib/thumb/v7e-m+fp/hard\libcr_semihost_nf.a(__sys_appexit.o)
__flsbuf                                          c:/nxp/mcuxpressoide_11.0.1_2563/ide/plugins/com.nxp.mcuxpresso.tools.win32_11.0.1.201907311258/tools/bin/../lib/gcc/arm-none-eabi/8.2.1/../../../../arm-none-eabi/lib/thumb/v7e-m+fp/hard\libcr_c.a(_deferredlazyseek.o)
                                                  c:/nxp/mcuxpressoide_11.0.1_2563/ide/plugins/com.nxp.mcuxpresso.tools.win32_11.0.1.201907311258/tools/bin/../lib/gcc/arm-none-eabi/8.2.1/../../../../arm-none-eabi/lib/thumb/v7e-m+fp/hard\libcr_c.a(printf.o)
__heaps                                           c:/nxp/mcuxpressoide_11.0.1_2563/ide/plugins/com.nxp.mcuxpresso.tools.win32_11.0.1.201907311258/tools/bin/../lib/gcc/arm-none-eabi/8.2.1/../../../../arm-none-eabi/lib/thumb/v7e-m+fp/hard\libcr_c.a(__init_alloc.o)
                                                  c:/nxp/mcuxpressoide_11.0.1_2563/ide/plugins/com.nxp.mcuxpresso.tools.win32_11.0.1.201907311258/tools/bin/../lib/gcc/arm-none-eabi/8.2.1/../../../../arm-none-eabi/lib/thumb/v7e-m+fp/hard\libcr_c.a(alloc.o)
__main                                            c:/nxp/mcuxpressoide_11.0.1_2563/ide/plugins/com.nxp.mcuxpresso.tools.win32_11.0.1.201907311258/tools/bin/../lib/gcc/arm-none-eabi/8.2.1/../../../../arm-none-eabi/lib/thumb/v7e-m+fp/hard\libcr_semihost_nf.a(_cr__main.o)
                                                  ./startup/startup_mkv31f25612.o
__num_Ciob_streams                                c:/nxp/mcuxpressoide_11.0.1_2563/ide/plugins/com.nxp.mcuxpresso.tools.win32_11.0.1.201907311258/tools/bin/../lib/gcc/arm-none-eabi/8.2.1/../../../../arm-none-eabi/lib/thumb/v7e-m+fp/hard\libcr_semihost_nf.a(__ciob.o)
                                                  c:/nxp/mcuxpressoide_11.0.1_2563/ide/plugins/com.nxp.mcuxpresso.tools.win32_11.0.1.201907311258/tools/bin/../lib/gcc/arm-none-eabi/8.2.1/../../../../arm-none-eabi/lib/thumb/v7e-m+fp/hard\libcr_c.a(fflush.o)
                                                  c:/nxp/mcuxpressoide_11.0.1_2563/ide/plugins/com.nxp.mcuxpresso.tools.win32_11.0.1.201907311258/tools/bin/../lib/gcc/arm-none-eabi/8.2.1/../../../../arm-none-eabi/lib/thumb/v7e-m+fp/hard\libcr_c.a(initio.o)
__sys_appexit                                     c:/nxp/mcuxpressoide_11.0.1_2563/ide/plugins/com.nxp.mcuxpresso.tools.win32_11.0.1.201907311258/tools/bin/../lib/gcc/arm-none-eabi/8.2.1/../../../../arm-none-eabi/lib/thumb/v7e-m+fp/hard\libcr_semihost_nf.a(__sys_appexit.o)
                                                  c:/nxp/mcuxpressoide_11.0.1_2563/ide/plugins/com.nxp.mcuxpresso.tools.win32_11.0.1.201907311258/tools/bin/../lib/gcc/arm-none-eabi/8.2.1/../../../../arm-none-eabi/lib/thumb/v7e-m+fp/hard\libcr_c.a(alloc.o)
__sys_close                                       c:/nxp/mcuxpressoide_11.0.1_2563/ide/plugins/com.nxp.mcuxpresso.tools.win32_11.0.1.201907311258/tools/bin/../lib/gcc/arm-none-eabi/8.2.1/../../../../arm-none-eabi/lib/thumb/v7e-m+fp/hard\libcr_semihost_nf.a(__sys_close.o)
                                                  c:/nxp/mcuxpressoide_11.0.1_2563/ide/plugins/com.nxp.mcuxpresso.tools.win32_11.0.1.201907311258/tools/bin/../lib/gcc/arm-none-eabi/8.2.1/../../../../arm-none-eabi/lib/thumb/v7e-m+fp/hard\libcr_c.a(fclose.o)
__sys_flen                                        c:/nxp/mcuxpressoide_11.0.1_2563/ide/plugins/com.nxp.mcuxpresso.tools.win32_11.0.1.201907311258/tools/bin/../lib/gcc/arm-none-eabi/8.2.1/../../../../arm-none-eabi/lib/thumb/v7e-m+fp/hard\libcr_semihost_nf.a(__sys_flen.o)
                                                  c:/nxp/mcuxpressoide_11.0.1_2563/ide/plugins/com.nxp.mcuxpresso.tools.win32_11.0.1.201907311258/tools/bin/../lib/gcc/arm-none-eabi/8.2.1/../../../../arm-none-eabi/lib/thumb/v7e-m+fp/hard\libcr_c.a(fseek.o)
                                                  c:/nxp/mcuxpressoide_11.0.1_2563/ide/plugins/com.nxp.mcuxpresso.tools.win32_11.0.1.201907311258/tools/bin/../lib/gcc/arm-none-eabi/8.2.1/../../../../arm-none-eabi/lib/thumb/v7e-m+fp/hard\libcr_c.a(_writebuf.o)
__sys_istty                                       c:/nxp/mcuxpressoide_11.0.1_2563/ide/plugins/com.nxp.mcuxpresso.tools.win32_11.0.1.201907311258/tools/bin/../lib/gcc/arm-none-eabi/8.2.1/../../../../arm-none-eabi/lib/thumb/v7e-m+fp/hard\libcr_semihost_nf.a(__sys_istty.o)
                                                  c:/nxp/mcuxpressoide_11.0.1_2563/ide/plugins/com.nxp.mcuxpresso.tools.win32_11.0.1.201907311258/tools/bin/../lib/gcc/arm-none-eabi/8.2.1/../../../../arm-none-eabi/lib/thumb/v7e-m+fp/hard\libcr_c.a(fseek.o)
                                                  c:/nxp/mcuxpressoide_11.0.1_2563/ide/plugins/com.nxp.mcuxpresso.tools.win32_11.0.1.201907311258/tools/bin/../lib/gcc/arm-none-eabi/8.2.1/../../../../arm-none-eabi/lib/thumb/v7e-m+fp/hard\libcr_c.a(_deferredlazyseek.o)
__sys_remove                                      c:/nxp/mcuxpressoide_11.0.1_2563/ide/plugins/com.nxp.mcuxpresso.tools.win32_11.0.1.201907311258/tools/bin/../lib/gcc/arm-none-eabi/8.2.1/../../../../arm-none-eabi/lib/thumb/v7e-m+fp/hard\libcr_semihost_nf.a(__sys_remove.o)
                                                  c:/nxp/mcuxpressoide_11.0.1_2563/ide/plugins/com.nxp.mcuxpresso.tools.win32_11.0.1.201907311258/tools/bin/../lib/gcc/arm-none-eabi/8.2.1/../../../../arm-none-eabi/lib/thumb/v7e-m+fp/hard\libcr_c.a(remove.o)
__sys_rename                                      c:/nxp/mcuxpressoide_11.0.1_2563/ide/plugins/com.nxp.mcuxpresso.tools.win32_11.0.1.201907311258/tools/bin/../lib/gcc/arm-none-eabi/8.2.1/../../../../arm-none-eabi/lib/thumb/v7e-m+fp/hard\libcr_semihost_nf.a(__sys_rename.o)
                                                  c:/nxp/mcuxpressoide_11.0.1_2563/ide/plugins/com.nxp.mcuxpresso.tools.win32_11.0.1.201907311258/tools/bin/../lib/gcc/arm-none-eabi/8.2.1/../../../../arm-none-eabi/lib/thumb/v7e-m+fp/hard\libcr_c.a(remove.o)
__sys_seek                                        c:/nxp/mcuxpressoide_11.0.1_2563/ide/plugins/com.nxp.mcuxpresso.tools.win32_11.0.1.201907311258/tools/bin/../lib/gcc/arm-none-eabi/8.2.1/../../../../arm-none-eabi/lib/thumb/v7e-m+fp/hard\libcr_semihost_nf.a(__sys_seek.o)
                                                  c:/nxp/mcuxpressoide_11.0.1_2563/ide/plugins/com.nxp.mcuxpresso.tools.win32_11.0.1.201907311258/tools/bin/../lib/gcc/arm-none-eabi/8.2.1/../../../../arm-none-eabi/lib/thumb/v7e-m+fp/hard\libcr_c.a(_writebuf.o)
__sys_tmpnam                                      c:/nxp/mcuxpressoide_11.0.1_2563/ide/plugins/com.nxp.mcuxpresso.tools.win32_11.0.1.201907311258/tools/bin/../lib/gcc/arm-none-eabi/8.2.1/../../../../arm-none-eabi/lib/thumb/v7e-m+fp/hard\libcr_semihost_nf.a(__sys_tmpnam.o)
                                                  c:/nxp/mcuxpressoide_11.0.1_2563/ide/plugins/com.nxp.mcuxpresso.tools.win32_11.0.1.201907311258/tools/bin/../lib/gcc/arm-none-eabi/8.2.1/../../../../arm-none-eabi/lib/thumb/v7e-m+fp/hard\libcr_c.a(fclose.o)
__sys_write                                       c:/nxp/mcuxpressoide_11.0.1_2563/ide/plugins/com.nxp.mcuxpresso.tools.win32_11.0.1.201907311258/tools/bin/../lib/gcc/arm-none-eabi/8.2.1/../../../../arm-none-eabi/lib/thumb/v7e-m+fp/hard\libcr_semihost_nf.a(__sys_write.o)
                                                  c:/nxp/mcuxpressoide_11.0.1_2563/ide/plugins/com.nxp.mcuxpresso.tools.win32_11.0.1.201907311258/tools/bin/../lib/gcc/arm-none-eabi/8.2.1/../../../../arm-none-eabi/lib/thumb/v7e-m+fp/hard\libcr_c.a(alloc.o)
                                                  c:/nxp/mcuxpressoide_11.0.1_2563/ide/plugins/com.nxp.mcuxpresso.tools.win32_11.0.1.201907311258/tools/bin/../lib/gcc/arm-none-eabi/8.2.1/../../../../arm-none-eabi/lib/thumb/v7e-m+fp/hard\libcr_c.a(_writebuf.o)
                                                  c:/nxp/mcuxpressoide_11.0.1_2563/ide/plugins/com.nxp.mcuxpresso.tools.win32_11.0.1.201907311258/tools/bin/../lib/gcc/arm-none-eabi/8.2.1/../../../../arm-none-eabi/lib/thumb/v7e-m+fp/hard\libcr_c.a(printf.o)
__vfprintf                                        c:/nxp/mcuxpressoide_11.0.1_2563/ide/plugins/com.nxp.mcuxpresso.tools.win32_11.0.1.201907311258/tools/bin/../lib/gcc/arm-none-eabi/8.2.1/../../../../arm-none-eabi/lib/thumb/v7e-m+fp/hard\libcr_c.a(printf.o)
_deferredlazyseek                                 c:/nxp/mcuxpressoide_11.0.1_2563/ide/plugins/com.nxp.mcuxpresso.tools.win32_11.0.1.201907311258/tools/bin/../lib/gcc/arm-none-eabi/8.2.1/../../../../arm-none-eabi/lib/thumb/v7e-m+fp/hard\libcr_c.a(_deferredlazyseek.o)
                                                  c:/nxp/mcuxpressoide_11.0.1_2563/ide/plugins/com.nxp.mcuxpresso.tools.win32_11.0.1.201907311258/tools/bin/../lib/gcc/arm-none-eabi/8.2.1/../../../../arm-none-eabi/lib/thumb/v7e-m+fp/hard\libcr_c.a(_do_fflush.o)
_do_fflush                                        c:/nxp/mcuxpressoide_11.0.1_2563/ide/plugins/com.nxp.mcuxpresso.tools.win32_11.0.1.201907311258/tools/bin/../lib/gcc/arm-none-eabi/8.2.1/../../../../arm-none-eabi/lib/thumb/v7e-m+fp/hard\libcr_c.a(_do_fflush.o)
                                                  c:/nxp/mcuxpressoide_11.0.1_2563/ide/plugins/com.nxp.mcuxpresso.tools.win32_11.0.1.201907311258/tools/bin/../lib/gcc/arm-none-eabi/8.2.1/../../../../arm-none-eabi/lib/thumb/v7e-m+fp/hard\libcr_c.a(fflush.o)
_fdopen                                           c:/nxp/mcuxpressoide_11.0.1_2563/ide/plugins/com.nxp.mcuxpresso.tools.win32_11.0.1.201907311258/tools/bin/../lib/gcc/arm-none-eabi/8.2.1/../../../../arm-none-eabi/lib/thumb/v7e-m+fp/hard\libcr_c.a(_fdopen.o)
                                                  c:/nxp/mcuxpressoide_11.0.1_2563/ide/plugins/com.nxp.mcuxpresso.tools.win32_11.0.1.201907311258/tools/bin/../lib/gcc/arm-none-eabi/8.2.1/../../../../arm-none-eabi/lib/thumb/v7e-m+fp/hard\libcr_c.a(initio.o)
_fflush                                           c:/nxp/mcuxpressoide_11.0.1_2563/ide/plugins/com.nxp.mcuxpresso.tools.win32_11.0.1.201907311258/tools/bin/../lib/gcc/arm-none-eabi/8.2.1/../../../../arm-none-eabi/lib/thumb/v7e-m+fp/hard\libcr_c.a(_fflush.o)
                                                  c:/nxp/mcuxpressoide_11.0.1_2563/ide/plugins/com.nxp.mcuxpresso.tools.win32_11.0.1.201907311258/tools/bin/../lib/gcc/arm-none-eabi/8.2.1/../../../../arm-none-eabi/lib/thumb/v7e-m+fp/hard\libcr_c.a(_do_fflush.o)
                                                  c:/nxp/mcuxpressoide_11.0.1_2563/ide/plugins/com.nxp.mcuxpresso.tools.win32_11.0.1.201907311258/tools/bin/../lib/gcc/arm-none-eabi/8.2.1/../../../../arm-none-eabi/lib/thumb/v7e-m+fp/hard\libcr_c.a(_deferredlazyseek.o)
_fprintf                                          c:/nxp/mcuxpressoide_11.0.1_2563/ide/plugins/com.nxp.mcuxpresso.tools.win32_11.0.1.201907311258/tools/bin/../lib/gcc/arm-none-eabi/8.2.1/../../../../arm-none-eabi/lib/thumb/v7e-m+fp/hard\libcr_c.a(printf.o)